******************************************************************************
                  TI ARM Linker PC v15.12.4                    
******************************************************************************
>> Linked Fri Mar 17 00:18:42 2017

OUTPUT FILE NAME:   <Encoder RTOS.out>
ENTRY POINT SYMBOL: "_c_int00"  address: 00005335


MEMORY CONFIGURATION

         name            origin    length      used     unused   attr    fill
----------------------  --------  ---------  --------  --------  ----  --------
  MAIN                  00000000   00040000  00009d60  000362a0  R  X
  INFO                  00200000   00004000  00000000  00004000  R  X
  SRAM_CODE             01000000   00010000  00000000  00010000  RW X
  SRAM_DATA             20000000   00010000  000016a5  0000e95b  RW  


SEGMENT ALLOCATION MAP

run origin  load origin   length   init length attrs members
----------  ----------- ---------- ----------- ----- -------
00000000    00000000    00009d6c   00009d6c    r-x
  00000000    00000000    0000003c   0000003c    r-- .resetVecs
  00000040    00000040    00007982   00007982    r-x .text
  000079c4    000079c4    00001fa6   00001fa6    r-- .const
  00009970    00009970    000003fc   000003fc    r-- .cinit
20000000    20000000    000013a5   00000000    rw-
  20000000    20000000    00000140   00000000    rw- .vecs
  20000140    20000140    00000cc0   00000000    rw- .bss
  20000e00    20000e00    000005a5   00000000    rw- .data
2000fd00    2000fd00    00000300   00000000    rw-
  2000fd00    2000fd00    00000300   00000000    rw- .stack


SECTION ALLOCATION MAP

 output                                  attributes/
section   page    origin      length       input sections
--------  ----  ----------  ----------   ----------------
.text      0    00000040    00007982     
                  00000040    00000430     sysbios.aem4f : BIOS.obj (.text:ti_sysbios_family_arm_m3_Hwi_excDumpRegs__I)
                  00000470    0000034c     ti.targets.arm.rtsarm.aem4f : System.oem4f (.text:xdc_runtime_System_doPrint__I)
                  000007bc    00000324     rtsv7M4_T_le_v4SPD16_eabi.lib : trgdrv.obj (.text)
                  00000ae0    000002ac     sysbios.aem4f : BIOS.obj (.text:ti_sysbios_knl_Semaphore_pend__E)
                  00000d8c    00000264     drivers_MSP432P401R.aem4f : PowerMSP432.oem4f (.text:Power_sleep)
                  00000ff0    00000260                               : UARTMSP432.oem4f (.text:UARTMSP432_open)
                  00001250    00000254     sysbios.aem4f : BIOS.obj (.text:ti_sysbios_heaps_HeapMem_free__E)
                  000014a4    00000004     msp432p4xx_driverlib.lib : cpu.o (.text:CPU_wfi)
                  000014a8    00000248     sysbios.aem4f : BIOS.obj (.text:ti_sysbios_heaps_HeapMem_alloc__E)
                  000016f0    0000022c                   : BIOS.obj (.text:ti_sysbios_knl_Task_Instance_finalize__E)
                  0000191c    00000004     tirtosport.aem4f : HwiP_tirtos.oem4f (.text:HwiP_disable)
                  00001920    000001fc     sysbios.aem4f : BIOS.obj (.text:ti_sysbios_family_arm_m3_Hwi_excHandlerMax__I)
                  00001b1c    000001f4     rtsv7M4_T_le_v4SPD16_eabi.lib : ull_div_t2.obj (.text)
                  00001d10    000001c8     sysbios.aem4f : BIOS.obj (.text:ti_sysbios_knl_Task_Instance_init__E)
                  00001ed8    000001b8                   : BIOS.obj (.text:ti_sysbios_knl_Task_sleep__E)
                  00002090    000001a0     msp432p4xx_driverlib.lib : pcm.o (.text:__PCM_setPowerStateAdvanced)
                  00002230    00000174     sysbios.aem4f : BIOS.obj (.text:ti_sysbios_family_arm_m3_Hwi_excBusFault__I)
                  000023a4    00000004     drivers_MSP432P401R.aem4f : List.oem4f (.text:List_head)
                  000023a8    00000164     sysbios.aem4f : BIOS.obj (.text:ti_sysbios_family_arm_m3_Hwi_excUsageFault__I)
                  0000250c    00000004     drivers_MSP432P401R.aem4f : List.oem4f (.text:List_next)
                  00002510    00000148     sysbios.aem4f : BIOS.obj (.text:ti_sysbios_family_arm_m3_Hwi_excMemFault__I)
                  00002658    00000140     drivers_MSP432P401R.aem4f : GPIOMSP432.oem4f (.text:GPIO_setConfig)
                  00002798    0000013c     sysbios.aem4f : BIOS.obj (.text:ti_sysbios_heaps_HeapMem_Instance_init__E)
                  000028d4    00000118     ti.targets.arm.rtsarm.aem4f : Error.oem4f (.text:xdc_runtime_Error_policyDefault__E)
                  000029ec    00000004     drivers_MSP432P401R.aem4f : PowerMSP432.oem4f (.text:PowerMSP432_getNumPerfLevels)
                  000029f0    00000108     sysbios.aem4f : BIOS.obj (.text:ti_sysbios_knl_Clock_Instance_init__E)
                  00002af8    00000100     ti.targets.arm.rtsarm.aem4f : Core-mem.oem4f (.text:xdc_runtime_Core_createObject__I)
                  00002bf8    000000f8                                 : Startup.oem4f (.text:xdc_runtime_Startup_startMods__I)
                  00002cf0    000000f8     empty_pem4f.oem4f (.text:xdc_runtime_System_printfExtend__I)
                  00002de8    000000f0     drivers_MSP432P401R.aem4f : PowerMSP432.oem4f (.text:initPerfControl)
                  00002ed8    000000f0     empty.obj (.text:main)
                  00002fc8    000000ec     sysbios.aem4f : m3_Hwi_asm.obj (.text:ti_sysbios_family_arm_m3_Hwi_dispatch__I)
                  000030b4    00000004     empty_pem4f.oem4f (.text:ti_sysbios_BIOS_RtsGateProxy_enter__E)
                  000030b8    000000ec     sysbios.aem4f : BIOS.obj (.text:ti_sysbios_knl_Semaphore_post__E)
                  000031a4    000000e2     drivers_MSP432P401R.aem4f : PWMTimerMSP432.oem4f (.text:initHw)
                  00003286    00000002     power_tirtos_MSP432P401R.aem4f : PowerMSP432_tirtos.oem4f (.text:PowerMSP432_initPolicy)
                  00003288    000000e0     msp432p4xx_driverlib.lib : cs.o (.text:CS_initClockSignal)
                  00003368    000000dc                              : pcm.o (.text:__PCM_setPowerModeAdvanced)
                  00003444    000000cc     ti.targets.arm.rtsarm.aem4f : Core-smem.oem4f (.text:xdc_runtime_Core_constructObject__I)
                  00003510    000000bc     sysbios.aem4f : BIOS.obj (.text:ti_sysbios_family_arm_m3_Hwi_excDebugMon__I)
                  000035cc    00000004     empty_pem4f.oem4f (.text:ti_sysbios_BIOS_RtsGateProxy_leave__E)
                  000035d0    000000bc     sysbios.aem4f : BIOS.obj (.text:ti_sysbios_family_arm_m3_Hwi_excHardFault__I)
                  0000368c    00000004     empty_pem4f.oem4f (.text:ti_sysbios_family_arm_m3_Hwi_destruct)
                  00003690    000000b4     sysbios.aem4f : BIOS.obj (.text:ti_sysbios_gates_GateMutex_enter__E)
                  00003744    00000004     empty_pem4f.oem4f (.text:ti_sysbios_family_arm_m3_TaskSupport_Module__startupDone__S)
                  00003748    000000b4     sysbios.aem4f : BIOS.obj (.text:ti_sysbios_knl_Task_checkStacks__E)
                  000037fc    000000b2     msp432p4xx_driverlib.lib : timer_a.o (.text:privateTimer_AProcessClockSourceDivider)
                  000038ae    000000b0     drivers_MSP432P401R.aem4f : UARTMSP432.oem4f (.text:UARTMSP432_readPolling)
                  0000395e    00000002     rtsv7M4_T_le_v4SPD16_eabi.lib : i_div0.obj (.text)
                  00003960    000000b0     msp432p4xx_driverlib.lib : pcm.o (.text:__PCM_setCoreVoltageLevelAdvanced)
                  00003a10    000000ac     drivers_MSP432P401R.aem4f : PWMTimerMSP432.oem4f (.text:PWMTimerMSP432_open)
                  00003abc    00000004     empty_pem4f.oem4f (.text:ti_sysbios_heaps_HeapMem_Module_GateProxy_enter__E)
                  00003ac0    000000a8     sysbios.aem4f : BIOS.obj (.text:ti_sysbios_family_arm_msp432_Timer_periodicStub__E)
                  00003b68    000000a4     drivers_MSP432P401R.aem4f : UARTMSP432.oem4f (.text:UARTMSP432_control)
                  00003c0c    00000004     empty_pem4f.oem4f (.text:ti_sysbios_heaps_HeapMem_Module_GateProxy_leave__E)
                  00003c10    000000a4     sysbios.aem4f : BIOS.obj (.text:ti_sysbios_knl_Clock_Instance_finalize__E)
                  00003cb4    000000a0     auto_init.aem4f : auto_init.oem4f (.text)
                  00003d54    000000a0     ti.targets.arm.rtsarm.aem4f : Text.oem4f (.text:xdc_runtime_Text_putMod__E)
                  00003df4    0000009c     drivers_MSP432P401R.aem4f : UARTMSP432.oem4f (.text:readTaskBlocking)
                  00003e90    0000009c     rtsv7M4_T_le_v4SPD16_eabi.lib : memcpy_t2.obj (.text)
                  00003f2c    00000004     empty_pem4f.oem4f (.text:ti_sysbios_knl_Clock_TimerProxy_getMaxTicks__E)
                  00003f30    0000009c     sysbios.aem4f : BIOS.obj (.text:ti_sysbios_knl_Semaphore_Instance_init__E)
                  00003fcc    00000004     empty_pem4f.oem4f (.text:ti_sysbios_knl_Clock_destruct)
                  00003fd0    0000009c     sysbios.aem4f : BIOS.obj (.text:ti_sysbios_knl_Task_postInit__I)
                  0000406c    0000009a     ti.targets.arm.rtsarm.aem4f : Text.oem4f (.text:xdc_runtime_Text_putSite__E)
                  00004106    00000002     empty_pem4f.oem4f (.text:ti_sysbios_BIOS_nullFunc__I)
                  00004108    00000094     msp432p4xx_driverlib.lib : uart.o (.text:UART_initModule)
                  0000419c    00000004     empty_pem4f.oem4f (.text:ti_sysbios_knl_Queue_destruct)
                  000041a0    00000094     sysbios.aem4f : BIOS.obj (.text:ti_sysbios_family_arm_m3_Hwi_Instance_init__E)
                  00004234    00000004     empty_pem4f.oem4f (.text:ti_sysbios_knl_Semaphore_destruct)
                  00004238    00000094     sysbios.aem4f : BIOS.obj (.text:ti_sysbios_family_arm_m3_Hwi_initNVIC__E)
                  000042cc    00000092     drivers_MSP432P401R.aem4f : PWMTimerMSP432.oem4f (.text:PWMTimerMSP432_setPeriod)
                  0000435e    00000002     --HOLE-- [fill = 0]
                  00004360    0000008c     sysbios.aem4f : m3_TaskSupport_asm.obj (.text:ti_sysbios_family_arm_m3_TaskSupport_buildTaskStack)
                  000043ec    0000008a     drivers_MSP432P401R.aem4f : UARTMSP432.oem4f (.text:UARTMSP432_close)
                  00004476    00000002     --HOLE-- [fill = 0]
                  00004478    00000088     sysbios.aem4f : BIOS.obj (.text:ti_sysbios_family_arm_msp432_Timer_Module_startup__E)
                  00004500    00000084     drivers_MSP432P401R.aem4f : PWMTimerMSP432.oem4f (.text:PWMTimerMSP432_setDuty)
                  00004584    00000084                               : UARTMSP432.oem4f (.text:initHw)
                  00004608    00000084     sysbios.aem4f : BIOS.obj (.text:ti_sysbios_family_arm_m3_Hwi_postInit__I)
                  0000468c    00000084     drivers_MSP432P401R.aem4f : UARTMSP432.oem4f (.text:writeData)
                  00004710    00000082                               : UARTMSP432.oem4f (.text:readIsrTextCallback)
                  00004792    00000002     --HOLE-- [fill = 0]
                  00004794    0000007c     empty.obj (.text:MotorFxn)
                  00004810    0000007c     msp432p4xx_driverlib.lib : pcm.o (.text:PCM_gotoLPM3)
                  0000488c    0000007a     drivers_MSP432P401R.aem4f : UARTMSP432.oem4f (.text:UARTMSP432_write)
                  00004906    0000007a                               : UARTMSP432.oem4f (.text:readTaskCallback)
                  00004980    0000007a     rtsv7M4_T_le_v4SPD16_eabi.lib : memset_t2.obj (.text)
                  000049fa    00000074     drivers_MSP432P401R.aem4f : UARTMSP432.oem4f (.text:readIsrTextBlocking)
                  00004a6e    00000002     --HOLE-- [fill = 0]
                  00004a70    00000074     sysbios.aem4f : BIOS.obj (.text:ti_sysbios_knl_Clock_start__E)
                  00004ae4    0000006d     ti.targets.arm.rtsarm.aem4f : System.oem4f (.text:xdc_runtime_System_formatNum__I)
                  00004b51    00000001     --HOLE-- [fill = 0]
                  00004b52    00000006     drivers_MSP432P401R.aem4f : PWMTimerMSP432.oem4f (.text:PWMTimerMSP432_control)
                  00004b58    0000006c     sysbios.aem4f : BIOS.obj (.text:ti_sysbios_knl_Clock_workFunc__E)
                  00004bc4    00000004     ti.targets.arm.rtsarm.aem4f : Error.oem4f (.text:xdc_runtime_Error_getSite__E)
                  00004bc8    0000006c     sysbios.aem4f : BIOS.obj (.text:ti_sysbios_knl_Swi_restoreHwi__E)
                  00004c34    00000004     empty_pem4f.oem4f (.text:xdc_runtime_System_Module_GateProxy_enter__E)
                  00004c38    0000006c     sysbios.aem4f : BIOS.obj (.text:ti_sysbios_knl_Task_exit__E)
                  00004ca4    0000006c     ti.targets.arm.rtsarm.aem4f : Error.oem4f (.text:xdc_runtime_Error_print__E)
                  00004d10    0000006c                                 : Memory.oem4f (.text:xdc_runtime_Memory_alloc__E)
                  00004d7c    0000006a     rtsv7M4_T_le_v4SPD16_eabi.lib : copy_decompress_rle.obj (.text)
                  00004de6    00000002     --HOLE-- [fill = 0]
                  00004de8    00000068                                   : trgmsg.obj (.text)
                  00004e50    00000066     ti.targets.arm.rtsarm.aem4f : Core-mem.oem4f (.text:xdc_runtime_Core_deleteObject__I)
                  00004eb6    00000064     drivers_MSP432P401R.aem4f : UARTMSP432.oem4f (.text:UARTMSP432_writePolling)
                  00004f1a    00000006     msp432p4xx_driverlib.lib : uart.o (.text:UART_getInterruptStatus)
                  00004f20    00000064     sysbios.aem4f : BIOS.obj (.text:ti_sysbios_family_arm_m3_Hwi_dispatchC__I)
                  00004f84    00000062     tirtosport.aem4f : HwiP_tirtos.oem4f (.text:HwiP_create)
                  00004fe6    00000002     --HOLE-- [fill = 0]
                  00004fe8    00000060     sysbios.aem4f : BIOS.obj (.text:ti_sysbios_knl_Task_schedule__I)
                  00005048    0000005c     drivers_MSP432P401R.aem4f : GPIOMSP432.oem4f (.text:GPIO_init)
                  000050a4    00000004     empty_pem4f.oem4f (.text:xdc_runtime_System_Module_GateProxy_leave__E)
                  000050a8    0000005c     sysbios.aem4f : BIOS.obj (.text:ti_sysbios_knl_Swi_run__I)
                  00005104    00000004     ti.targets.arm.rtsarm.aem4f : System.oem4f (.text:xdc_runtime_System_aprintf_va__F)
                  00005108    0000005c     sysbios.aem4f : BIOS.obj (.text:ti_sysbios_knl_Swi_schedule__I)
                  00005164    00000004     ti.targets.arm.rtsarm.aem4f : System.oem4f (.text:xdc_runtime_System_printf_va__F)
                  00005168    0000005c     sysbios.aem4f : BIOS.obj (.text:ti_sysbios_knl_Task_Module_startup__E)
                  000051c4    00000004     --HOLE-- [fill = 0]
                  000051c8    0000005c                   : BIOS.obj (.text:ti_sysbios_knl_Task_startCore__E)
                  00005224    0000005b     ti.targets.arm.rtsarm.aem4f : Text.oem4f (.text:xdc_runtime_Text_putLab__E)
                  0000527f    00000001     --HOLE-- [fill = 0]
                  00005280    0000005a     tirtosport.aem4f : ClockP_tirtos.oem4f (.text:ClockP_create)
                  000052da    00000058                      : SemaphoreP_tirtos.oem4f (.text:SemaphoreP_create)
                  00005332    00000002     --HOLE-- [fill = 0]
                  00005334    00000058     boot.aem4f : boot.oem4f (.text)
                  0000538c    00000058     empty_pem4f.oem4f (.text:ti_sysbios_family_arm_m3_Hwi_construct)
                  000053e4    00000058     sysbios.aem4f : m3_Hwi_asm_switch.obj (.text:ti_sysbios_family_arm_m3_Hwi_initStacks__E)
                  0000543c    00000054     drivers_MSP432P401R.aem4f : GPIOMSP432.oem4f (.text:GPIO_hwiIntFxn)
                  00005490    00000054                               : GPIOMSP432.oem4f (.text:GPIO_setCallback)
                  000054e4    00000054                               : PWMTimerMSP432.oem4f (.text:PWMTimerMSP432_stop)
                  00005538    00000054     rtsv7M4_T_le_v4SPD16_eabi.lib : exit.obj (.text)
                  0000558c    00000004     --HOLE-- [fill = 0]
                  00005590    00000054     sysbios.aem4f : BIOS.obj (.text:ti_sysbios_family_arm_msp432_Timer_initDevice__I)
                  000055e4    00000004     --HOLE-- [fill = 0]
                  000055e8    00000054                   : BIOS.obj (.text:ti_sysbios_family_arm_msp432_init_Boot_configureClocksHigh)
                  0000563c    00000054     empty_pem4f.oem4f (.text:ti_sysbios_knl_Task_construct)
                  00005690    00000054     ti.targets.arm.rtsarm.aem4f : Assert.oem4f (.text:xdc_runtime_Assert_raise__I)
                  000056e4    00000052     drivers_MSP432P401R.aem4f : UARTMSP432.oem4f (.text:UARTMSP432_writeCancel)
                  00005736    00000002     --HOLE-- [fill = 0]
                  00005738    00000050                               : GPIOMSP432.oem4f (.text:GPIO_write)
                  00005788    00000050     msp432p4xx_driverlib.lib : pcm.o (.text:PCM_shutdownDevice)
                  000057d8    00000050     drivers_MSP432P401R.aem4f : PWMTimerMSP432.oem4f (.text:PWMTimerMSP432_close)
                  00005828    00000050     sysbios.aem4f : BIOS.obj (.text:ti_sysbios_family_arm_m3_Hwi_Module_startup__E)
                  00005878    00000050     ti.targets.arm.rtsarm.aem4f : Startup.oem4f (.text:xdc_runtime_Startup_exec__E)
                  000058c8    00000050                                 : Text.oem4f (.text:xdc_runtime_Text_visitRope2__I)
                  00005918    0000004c     msp432p4xx_driverlib.lib : gpio.o (.text:GPIO_setAsPeripheralModuleFunctionOutputPin)
                  00005964    0000004c     rtsv7M4_T_le_v4SPD16_eabi.lib : cpy_tbl.obj (.text)
                  000059b0    0000004c     sysbios.aem4f : BIOS.obj (.text:ti_sysbios_family_arm_msp432_Timer_start__E)
                  000059fc    00000004     --HOLE-- [fill = 0]
                  00005a00    0000004c                   : BIOS.obj (.text:ti_sysbios_heaps_HeapMem_getStats__E)
                  00005a4c    00000004     --HOLE-- [fill = 0]
                  00005a50    0000004c                   : BIOS.obj (.text:ti_sysbios_knl_Swi_runLoop__I)
                  00005a9c    00000004     --HOLE-- [fill = 0]
                  00005aa0    0000004c                   : BIOS.obj (.text:ti_sysbios_knl_Task_allBlockedFunction__I)
                  00005aec    00000048     msp432p4xx_driverlib.lib : timer_a.o (.text:Timer_A_generatePWM)
                  00005b34    00000004     --HOLE-- [fill = 0]
                  00005b38    00000048     sysbios.aem4f : BIOS.obj (.text:ti_sysbios_family_arm_m3_Hwi_disableInterrupt__E)
                  00005b80    00000048                   : BIOS.obj (.text:ti_sysbios_family_arm_m3_Hwi_enableInterrupt__E)
                  00005bc8    00000048                   : BIOS.obj (.text:ti_sysbios_family_arm_m3_Hwi_excReserved__I)
                  00005c10    00000046     drivers_MSP432P401R.aem4f : RingBuf.oem4f (.text:RingBuf_put)
                  00005c56    00000046                               : UARTMSP432.oem4f (.text:readIsrBinaryBlocking)
                  00005c9c    00000046     ti.targets.arm.rtsarm.aem4f : Core-params.oem4f (.text:xdc_runtime_Core_assignParams__I)
                  00005ce2    00000002     --HOLE-- [fill = 0]
                  00005ce4    00000044     drivers_MSP432P401R.aem4f : PowerMSP432.oem4f (.text:Power_init)
                  00005d28    00000044     sysbios.aem4f : BIOS.obj (.text:ti_sysbios_family_arm_m3_Hwi_getStackInfo__E)
                  00005d6c    00000004     --HOLE-- [fill = 0]
                  00005d70    00000044                   : BIOS.obj (.text:ti_sysbios_knl_Swi_post__E)
                  00005db4    00000044     ti.targets.arm.rtsarm.aem4f : Error.oem4f (.text:xdc_runtime_Error_setX__E)
                  00005df8    00000044                                 : SysMin.oem4f (.text:xdc_runtime_SysMin_flush__E)
                  00005e3c    00000044                                 : Text.oem4f (.text:xdc_runtime_Text_xprintf__I)
                  00005e80    00000042     drivers_MSP432P401R.aem4f : UARTMSP432.oem4f (.text:UARTMSP432_hwiIntFxn)
                  00005ec2    00000002     --HOLE-- [fill = 0]
                  00005ec4    00000040     msp432p4xx_driverlib.lib : flash.o (.text:FlashCtl_disableReadBuffering)
                  00005f04    00000040     drivers_MSP432P401R.aem4f : PWMTimerMSP432.oem4f (.text:PWMTimerMSP432_start)
                  00005f44    00000040                               : RingBuf.oem4f (.text:RingBuf_get)
                  00005f84    00000040                               : UARTMSP432.oem4f (.text:UARTMSP432_read)
                  00005fc4    00000040                               : PowerMSP432.oem4f (.text:notify)
                  00006004    00000040     rtsv7M4_T_le_v4SPD16_eabi.lib : u_divt2.obj (.text)
                  00006044    00000004     --HOLE-- [fill = 0]
                  00006048    00000040     sysbios.aem4f : BIOS.obj (.text:ti_sysbios_family_arm_msp432_Timer_startup__E)
                  00006088    0000003c     power_tirtos_MSP432P401R.aem4f : PowerMSP432_tirtos.oem4f (.text:PowerMSP432_sleepPolicy)
                  000060c4    0000003c     drivers_MSP432P401R.aem4f : PWMTimerMSP432.oem4f (.text:getPeriodCounts)
                  00006100    0000003c     sysbios.aem4f : BIOS.obj (.text:ti_sysbios_family_arm_m3_Hwi_excSvCall__I)
                  0000613c    00000004     --HOLE-- [fill = 0]
                  00006140    0000003c                   : BIOS.obj (.text:ti_sysbios_heaps_HeapMem_init__I)
                  0000617c    00000004     --HOLE-- [fill = 0]
                  00006180    0000003c                   : BIOS.obj (.text:ti_sysbios_knl_Swi_restore__E)
                  000061bc    0000003a     drivers_MSP432P401R.aem4f : UARTMSP432.oem4f (.text:readIsrBinaryCallback)
                  000061f6    00000002     --HOLE-- [fill = 0]
                  000061f8    00000038                               : PWM.oem4f (.text:PWM_init)
                  00006230    00000038                               : UART.oem4f (.text:UART_init)
                  00006268    00000038                               : PWMTimerMSP432.oem4f (.text:getDutyCounts)
                  000062a0    00000038     sysbios.aem4f : BIOS.obj (.text:ti_sysbios_family_arm_m3_Hwi_excNoIsr__I)
                  000062d8    00000038                   : BIOS.obj (.text:ti_sysbios_knl_Task_processVitalTaskFlag__I)
                  00006310    00000038     ti.targets.arm.rtsarm.aem4f : SysMin.oem4f (.text:xdc_runtime_SysMin_putch__E)
                  00006348    00000038                                 : System.oem4f (.text:xdc_runtime_System_atexit__E)
                  00006380    00000036     drivers_MSP432P401R.aem4f : UARTMSP432.oem4f (.text:UARTMSP432_readCancel)
                  000063b6    00000036                               : UARTMSP432.oem4f (.text:perfChangeNotifyFxn)
                  000063ec    00000034     msp432p4xx_driverlib.lib : flash.o (.text:FlashCtl_enableReadBuffering)
                  00006420    00000034     sysbios.aem4f : BIOS.obj (.text:ti_sysbios_family_arm_m3_Hwi_Instance_finalize__E)
                  00006454    00000004     --HOLE-- [fill = 0]
                  00006458    00000034                   : BIOS.obj (.text:ti_sysbios_family_arm_m3_Hwi_excNmi__I)
                  0000648c    00000004     --HOLE-- [fill = 0]
                  00006490    00000034                   : BIOS.obj (.text:ti_sysbios_hal_Hwi_checkStack)
                  000064c4    00000034     empty_pem4f.oem4f (.text:ti_sysbios_knl_Clock_construct)
                  000064f8    00000034     ti.targets.arm.rtsarm.aem4f : Core-label.oem4f (.text:xdc_runtime_Core_assignLabel__I)
                  0000652c    00000033                                 : Text.oem4f (.text:xdc_runtime_Text_printVisFxn__I)
                  0000655f    00000001     --HOLE-- [fill = 0]
                  00006560    00000032     sysbios.aem4f : BIOS.obj (.text:ti_sysbios_hal_Hwi_initStack)
                  00006592    00000002     --HOLE-- [fill = 0]
                  00006594    00000030     msp432p4xx_driverlib.lib : gpio.o (.text:GPIO_getEnabledInterruptStatus)
                  000065c4    00000030                              : gpio.o (.text:GPIO_setAsInputPinWithPullDownResistor)
                  000065f4    00000030                              : gpio.o (.text:GPIO_setAsInputPinWithPullUpResistor)
                  00006624    00000030     MSP_EXP432P401R.obj (.text:MSP_EXP432P401R_initPWM)
                  00006654    00000030     drivers_MSP432P401R.aem4f : PWM.oem4f (.text:PWM_open)
                  00006684    00000030     empty_pem4f.oem4f (.text:ti_sysbios_BIOS_atExitFunc__I)
                  000066b4    00000030     empty_pem4f.oem4f (.text:ti_sysbios_BIOS_startFunc__I)
                  000066e4    00000004     --HOLE-- [fill = 0]
                  000066e8    00000030     sysbios.aem4f : BIOS.obj (.text:ti_sysbios_family_arm_m3_TaskSupport_start__E)
                  00006718    00000030     empty_pem4f.oem4f (.text:ti_sysbios_gates_GateHwi_Object__create__S)
                  00006748    00000030     empty_pem4f.oem4f (.text:ti_sysbios_gates_GateMutex_Object__create__S)
                  00006778    00000030     empty_pem4f.oem4f (.text:ti_sysbios_heaps_HeapMem_Object__create__S)
                  000067a8    00000030     empty_pem4f.oem4f (.text:ti_sysbios_knl_Semaphore_construct)
                  000067d8    00000030     sysbios.aem4f : BIOS.obj (.text:ti_sysbios_knl_Semaphore_pendTimeout__I)
                  00006808    00000030                   : BIOS.obj (.text:ti_sysbios_knl_Task_unblockI__E)
                  00006838    00000030     ti.targets.arm.rtsarm.aem4f : SysMin.oem4f (.text:xdc_runtime_SysMin_abort__E)
                  00006868    00000030                                 : System.oem4f (.text:xdc_runtime_System_processAtExit__E)
                  00006898    0000002c     msp432p4xx_driverlib.lib : gpio.o (.text:GPIO_setAsInputPin)
                  000068c4    0000002c     MSP_EXP432P401R.obj (.text:MSP_EXP432P401R_initUART)
                  000068f0    0000002c     msp432p4xx_driverlib.lib : pcm.o (.text:PCM_getCoreVoltageLevel)
                  0000691c    0000002c     power_tirtos_MSP432P401R.aem4f : PowerMSP432_tirtos.oem4f (.text:PowerMSP432_updateFreqs)
                  00006948    0000002c     drivers_MSP432P401R.aem4f : PowerMSP432.oem4f (.text:Power_releaseConstraint)
                  00006974    0000002c                               : PowerMSP432.oem4f (.text:Power_setConstraint)
                  000069a0    0000002c     empty_pem4f.oem4f (.text:ti_sysbios_knl_Clock_doTick__I)
                  000069cc    0000002c     empty_pem4f.oem4f (.text:ti_sysbios_knl_Queue_construct)
                  000069f8    0000002c     sysbios.aem4f : BIOS.obj (.text:ti_sysbios_knl_Task_restore__E)
                  00006a24    0000002c     ti.targets.arm.rtsarm.aem4f : Text.oem4f (.text:xdc_runtime_Text_cordText__E)
                  00006a50    0000002a     msp432p4xx_driverlib.lib : pcm.o (.text:PCM_getPowerMode)
                  00006a7a    0000002a     drivers_MSP432P401R.aem4f : UARTMSP432.oem4f (.text:findBaudDividerIndex)
                  00006aa4    0000002a     ti.targets.arm.rtsarm.aem4f : System.oem4f (.text:xdc_runtime_System_putchar__I)
                  00006ace    00000002     --HOLE-- [fill = 0]
                  00006ad0    00000028     msp432p4xx_driverlib.lib : flash.o (.text:FlashCtl_setWaitState)
                  00006af8    00000028     drivers_MSP432P401R.aem4f : GPIOMSP432.oem4f (.text:GPIO_enableInt)
                  00006b20    00000028     msp432p4xx_driverlib.lib : pcm.o (.text:PCM_gotoLPM0)
                  00006b48    00000028     sysbios.aem4f : BIOS.obj (.text:ti_sysbios_knl_Clock_addI__E)
                  00006b70    00000028                   : BIOS.obj (.text:ti_sysbios_knl_Swi_Module_startup__E)
                  00006b98    00000026     drivers_MSP432P401R.aem4f : List.oem4f (.text:List_put)
                  00006bbe    00000026     sysbios.aem4f : m3_Hwi_asm.obj (.text:ti_sysbios_family_arm_m3_Hwi_pendSV__I)
                  00006be4    00000026     ti.targets.arm.rtsarm.aem4f : System.oem4f (.text:xdc_runtime_System_avprintf__E)
                  00006c0a    00000002     --HOLE-- [fill = 0]
                  00006c0c    00000024     msp432p4xx_driverlib.lib : cs.o (.text:CS_setDCOCenteredFrequency)
                  00006c30    00000024                              : gpio.o (.text:GPIO_setAsOutputPin)
                  00006c54    00000024                              : rtc_c.o (.text:RTC_C_holdClock)
                  00006c78    00000024                              : rtc_c.o (.text:RTC_C_startClock)
                  00006c9c    00000024                              : uart.o (.text:UART_disableInterrupt)
                  00006cc0    00000024                              : uart.o (.text:UART_receiveData)
                  00006ce4    00000024                              : uart.o (.text:UART_transmitData)
                  00006d08    00000024     empty_pem4f.oem4f (.text:ti_sysbios_BIOS_errorRaiseHook__I)
                  00006d2c    00000024     empty_pem4f.oem4f (.text:ti_sysbios_BIOS_registerRTSLock__I)
                  00006d50    00000024     empty_pem4f.oem4f (.text:ti_sysbios_BIOS_removeRTSLock__I)
                  00006d74    00000004     --HOLE-- [fill = 0]
                  00006d78    00000024     sysbios.aem4f : BIOS.obj (.text:ti_sysbios_family_arm_msp432_ClockFreqs_setFrequency__E)
                  00006d9c    00000024     empty_pem4f.oem4f (.text:ti_sysbios_gates_GateMutex_Object__delete__S)
                  00006dc0    00000024     sysbios.aem4f : BIOS.obj (.text:ti_sysbios_knl_Clock_Module_startup__E)
                  00006de4    00000004     --HOLE-- [fill = 0]
                  00006de8    00000024                   : BIOS.obj (.text:ti_sysbios_knl_Task_restoreHwi__E)
                  00006e0c    00000024     ti.targets.arm.rtsarm.aem4f : System.oem4f (.text:xdc_runtime_System_vprintf__E)
                  00006e30    00000022     empty_pem4f.oem4f (.text:xdc_runtime_SysMin_output__I)
                  00006e52    00000002     --HOLE-- [fill = 0]
                  00006e54    00000020     msp432p4xx_driverlib.lib : gpio.o (.text:GPIO_interruptEdgeSelect)
                  00006e74    00000020     drivers_MSP432P401R.aem4f : PowerMSP432.oem4f (.text:PowerMSP432_getFreqs)
                  00006e94    00000020                               : PowerMSP432.oem4f (.text:Power_unregisterNotify)
                  00006eb4    00000020                               : RingBuf.oem4f (.text:RingBuf_peek)
                  00006ed4    00000020     empty_pem4f.oem4f (.text:ti_sysbios_BIOS_rtsLock__I)
                  00006ef4    00000020     sysbios.aem4f : m3_Hwi_asm.obj (.text:ti_sysbios_family_arm_m3_Hwi_excHandlerAsm__I)
                  00006f14    00000004     --HOLE-- [fill = 0]
                  00006f18    00000020                   : BIOS.obj (.text:ti_sysbios_family_arm_m3_Hwi_excHandler__I)
                  00006f38    00000020     empty_pem4f.oem4f (.text:ti_sysbios_gates_GateHwi_Object__delete__S)
                  00006f58    00000020     empty_pem4f.oem4f (.text:ti_sysbios_heaps_HeapMem_Object__delete__S)
                  00006f78    00000020     empty_pem4f.oem4f (.text:ti_sysbios_knl_Clock_Object__destruct__S)
                  00006f98    00000020     sysbios.aem4f : BIOS.obj (.text:ti_sysbios_knl_Idle_run__E)
                  00006fb8    00000020     empty_pem4f.oem4f (.text:ti_sysbios_knl_Semaphore_Object__destruct__S)
                  00006fd8    00000020     ti.targets.arm.rtsarm.aem4f : Registry.oem4f (.text:xdc_runtime_Registry_findById__E)
                  00006ff8    00000020                                 : SysMin.oem4f (.text:xdc_runtime_SysMin_Module_startup__E)
                  00007018    0000001e     drivers_MSP432P401R.aem4f : PWMTimerMSP432.oem4f (.text:corroboratePeriod)
                  00007036    0000001e     sysbios.aem4f : m3_Hwi_asm_switch.obj (.text:ti_sysbios_family_xxx_Hwi_switchAndRunFunc)
                  00007054    0000001c     msp432p4xx_driverlib.lib : pcm.o (.text:PCM_enableRudeMode)
                  00007070    0000001c     drivers_MSP432P401R.aem4f : PowerMSP432.oem4f (.text:Power_registerNotify)
                  0000708c    0000001c     empty_pem4f.oem4f (.text:ti_sysbios_family_arm_m3_Hwi_Object__destruct__S)
                  000070a8    0000001c     sysbios.aem4f : BIOS.obj (.text:ti_sysbios_gates_GateMutex_Instance_init__E)
                  000070c4    0000001c     empty_pem4f.oem4f (.text:ti_sysbios_knl_Queue_Object__destruct__S)
                  000070e0    0000001c     sysbios.aem4f : BIOS.obj (.text:ti_sysbios_knl_Queue_put__E)
                  000070fc    00000004     --HOLE-- [fill = 0]
                  00007100    0000001c                   : BIOS.obj (.text:ti_sysbios_knl_Task_enter__I)
                  0000711c    0000001c     ti.targets.arm.rtsarm.aem4f : Error.oem4f (.text:xdc_runtime_Error_raiseX__E)
                  00007138    0000001c                                 : Memory.oem4f (.text:xdc_runtime_Memory_valloc__E)
                  00007154    0000001c                                 : SysMin.oem4f (.text:xdc_runtime_SysMin_exit__E)
                  00007170    0000001c                                 : System.oem4f (.text:xdc_runtime_System_abort__E)
                  0000718c    0000001a     drivers_MSP432P401R.aem4f : List.oem4f (.text:List_remove)
                  000071a6    0000001a     empty_pem4f.oem4f (.text:ti_sysbios_family_arm_m3_Hwi_Handle__label__S)
                  000071c0    0000001a     empty_pem4f.oem4f (.text:ti_sysbios_gates_GateHwi_Handle__label__S)
                  000071da    0000001a     empty_pem4f.oem4f (.text:ti_sysbios_gates_GateMutex_Handle__label__S)
                  000071f4    0000001a     empty_pem4f.oem4f (.text:ti_sysbios_heaps_HeapMem_Handle__label__S)
                  0000720e    0000001a     empty_pem4f.oem4f (.text:ti_sysbios_knl_Swi_Handle__label__S)
                  00007228    0000001a     empty_pem4f.oem4f (.text:ti_sysbios_knl_Task_Handle__label__S)
                  00007242    0000001a     empty_pem4f.oem4f (.text:xdc_runtime_System_aprintf__E)
                  0000725c    0000001a     empty_pem4f.oem4f (.text:xdc_runtime_System_printf__E)
                  00007276    00000002     --HOLE-- [fill = 0]
                  00007278    00000018     msp432p4xx_driverlib.lib : gpio.o (.text:GPIO_clearInterruptFlag)
                  00007290    00000018                              : gpio.o (.text:GPIO_setDriveStrengthLow)
                  000072a8    00000018                              : gpio.o (.text:GPIO_setOutputLowOnPin)
                  000072c0    00000018                              : wdt_a.o (.text:WDT_A_holdTimer)
                  000072d8    00000018     drivers_MSP432P401R.aem4f : PWMTimerMSP432.oem4f (.text:corroborateDuty)
                  000072f0    00000018     rtsv7M4_T_le_v4SPD16_eabi.lib : args_main.obj (.text)
                  00007308    00000018     empty_pem4f.oem4f (.text:ti_sysbios_BIOS_rtsUnlock__I)
                  00007320    00000018     empty_pem4f.oem4f (.text:ti_sysbios_family_arm_m3_Hwi_Module__startupDone__F)
                  00007338    00000018     sysbios.aem4f : m3_TaskSupport_asm.obj (.text:ti_sysbios_family_arm_m3_TaskSupport_swap__E)
                  00007350    00000018     empty_pem4f.oem4f (.text:ti_sysbios_family_arm_msp432_Timer_Module__startupDone__F)
                  00007368    00000018     sysbios.aem4f : BIOS.obj (.text:ti_sysbios_gates_GateMutex_leave__E)
                  00007380    00000018                   : BIOS.obj (.text:ti_sysbios_knl_Task_sleepTimeout__I)
                  00007398    00000018     ti.targets.arm.rtsarm.aem4f : Error.oem4f (.text:xdc_runtime_Error_check__E)
                  000073b0    00000018                                 : System.oem4f (.text:xdc_runtime_System_exit__E)
                  000073c8    00000018                                 : Text.oem4f (.text:xdc_runtime_Text_ropeText__E)
                  000073e0    00000016     tirtosport.aem4f : ClockP_tirtos.oem4f (.text:ClockP_delete)
                  000073f6    00000016                      : HwiP_tirtos.oem4f (.text:HwiP_delete)
                  0000740c    00000016                      : SemaphoreP_tirtos.oem4f (.text:SemaphoreP_delete)
                  00007422    00000016     msp432p4xx_driverlib.lib : uart.o (.text:UART_enableInterrupt)
                  00007438    00000016     empty_pem4f.oem4f (.text:ti_sysbios_BIOS_exitFunc__I)
                  0000744e    00000016     empty.obj (.text:ti_sysbios_knl_Task_Params_init)
                  00007464    00000014     msp432p4xx_driverlib.lib : gpio.o (.text:GPIO_enableInterrupt)
                  00007478    00000014                              : gpio.o (.text:GPIO_setDriveStrengthHigh)
                  0000748c    00000014                              : gpio.o (.text:GPIO_setOutputHighOnPin)
                  000074a0    00000014     drivers_MSP432P401R.aem4f : PWM.oem4f (.text:PWM_Params_init)
                  000074b4    00000014                               : PowerMSP432.oem4f (.text:Power_idleFunc)
                  000074c8    00000014     msp432p4xx_driverlib.lib : wdt_a.o (.text:WDT_A_startTimer)
                  000074dc    00000014     rtsv7M4_T_le_v4SPD16_eabi.lib : _lock.obj (.text)
                  000074f0    00000014                                   : strcpy.obj (.text)
                  00007504    00000014                                   : strlen.obj (.text)
                  00007518    00000014     empty_pem4f.oem4f (.text:ti_sysbios_family_arm_m3_Hwi_Object__get__S)
                  0000752c    00000004     --HOLE-- [fill = 0]
                  00007530    00000014     sysbios.aem4f : BIOS.obj (.text:ti_sysbios_family_arm_m3_Hwi_switchFromBootStack__E)
                  00007544    00000014     empty_pem4f.oem4f (.text:ti_sysbios_heaps_HeapMem_Object__get__S)
                  00007558    00000014     empty_pem4f.oem4f (.text:ti_sysbios_knl_Swi_Object__get__S)
                  0000756c    00000012     tirtosport.aem4f : ClockP_tirtos.oem4f (.text:ClockP_start)
                  0000757e    00000012     drivers_MSP432P401R.aem4f : RingBuf.oem4f (.text:RingBuf_construct)
                  00007590    00000012     tirtosport.aem4f : SemaphoreP_tirtos.oem4f (.text:SemaphoreP_pend)
                  000075a2    00000006     msp432p4xx_driverlib.lib : uart.o (.text:UART_queryStatusFlags)
                  000075a8    00000012     sysbios.aem4f : BIOS.obj (.text:ti_sysbios_hal_Hwi_Module_startup__E)
                  000075ba    00000012     empty_pem4f.oem4f (.text:xdc_runtime_Startup_exec__I)
                  000075cc    00000010     msp432p4xx_driverlib.lib : gpio.o (.text:GPIO_getInterruptStatus)
                  000075dc    00000010                              : pcm.o (.text:PCM_gotoLPM4)
                  000075ec    00000010     empty.obj (.text:encoderAFxn)
                  000075fc    00000010     empty.obj (.text:encoderBFxn)
                  0000760c    00000010     drivers_MSP432P401R.aem4f : UARTMSP432.oem4f (.text:readBlockingTimeout)
                  0000761c    00000004     --HOLE-- [fill = 0]
                  00007620    00000010     sysbios.aem4f : BIOS.obj (.text:ti_sysbios_BIOS_setCpuFreq__E)
                  00007630    00000010                   : BIOS.obj (.text:ti_sysbios_BIOS_setThreadType__E)
                  00007640    00000010                   : BIOS.obj (.text:ti_sysbios_BIOS_start__E)
                  00007650    00000010                   : m3_TaskSupport_asm.obj (.text:ti_sysbios_family_arm_m3_TaskSupport_glue)
                  00007660    00000010                   : BIOS.obj (.text:ti_sysbios_family_arm_msp432_init_Boot_disableWatchdog)
                  00007670    00000010                   : BIOS.obj (.text:ti_sysbios_gates_GateMutex_Instance_finalize__E)
                  00007680    00000010                   : BIOS.obj (.text:ti_sysbios_knl_Semaphore_Instance_finalize__E)
                  00007690    00000010                   : BIOS.obj (.text:ti_sysbios_knl_Swi_disable__E)
                  000076a0    00000010     empty_pem4f.oem4f (.text:ti_sysbios_knl_Task_Object__get__S)
                  000076b0    00000010     sysbios.aem4f : BIOS.obj (.text:ti_sysbios_knl_Task_disable__E)
                  000076c0    00000010     ti.targets.arm.rtsarm.aem4f : Gate.oem4f (.text:xdc_runtime_Gate_leaveSystem__E)
                  000076d0    00000010                                 : Memory.oem4f (.text:xdc_runtime_Memory_free__E)
                  000076e0    00000010                                 : SysMin.oem4f (.text:xdc_runtime_SysMin_ready__E)
                  000076f0    00000010                                 : System.oem4f (.text:xdc_runtime_System_vsnprintf__E)
                  00007700    00000010     empty_pem4f.oem4f (.text:xdc_runtime_Text_visitRope__I)
                  00007710    0000000e     tirtosport.aem4f : HwiP_tirtos.oem4f (.text:HwiP_Params_init)
                  0000771e    0000000e     msp432p4xx_driverlib.lib : timer_a.o (.text:Timer_A_setCompareValue)
                  0000772c    0000000e                              : uart.o (.text:UART_clearInterruptFlag)
                  0000773a    0000000e     rtsv7M4_T_le_v4SPD16_eabi.lib : copy_decompress_none.obj (.text:decompress:none)
                  00007748    0000000e     sysbios.aem4f : BIOS.obj (.text:ti_sysbios_knl_Idle_loop__E)
                  00007756    00000002     --HOLE-- [fill = 0]
                  00007758    0000000e                   : BIOS.obj (.text:ti_sysbios_knl_Queue_empty__E)
                  00007766    0000000c     empty_pem4f.oem4f (.text:.bootCodeSection:ti_sysbios_family_arm_msp432_init_Boot_init__I)
                  00007772    0000000c     msp432p4xx_driverlib.lib : cpu.o (.text:CPU_cpsid)
                  0000777e    0000000c                              : cpu.o (.text:CPU_cpsie)
                  0000778a    00000002     --HOLE-- [fill = 0]
                  0000778c    0000000c                              : pcm.o (.text:PCM_getPowerState)
                  00007798    0000000c     drivers_MSP432P401R.aem4f : PowerMSP432.oem4f (.text:Power_getConstraintMask)
                  000077a4    0000000c                               : PowerMSP432.oem4f (.text:Power_getPerformanceLevel)
                  000077b0    0000000c     msp432p4xx_driverlib.lib : timer_a.o (.text:Timer_A_stopTimer)
                  000077bc    0000000c     drivers_MSP432P401R.aem4f : UARTMSP432.oem4f (.text:UARTMSP432_init)
                  000077c8    0000000c     msp432p4xx_driverlib.lib : uart.o (.text:UART_disableModule)
                  000077d4    0000000c                              : uart.o (.text:UART_enableModule)
                  000077e0    0000000c     empty_pem4f.oem4f (.text:ti_sysbios_family_arm_m3_Hwi_Params__init__S)
                  000077ec    00000004     --HOLE-- [fill = 0]
                  000077f0    0000000c     sysbios.aem4f : BIOS.obj (.text:ti_sysbios_family_arm_m3_Hwi_disableFxn__E)
                  000077fc    00000004     --HOLE-- [fill = 0]
                  00007800    0000000c                   : BIOS.obj (.text:ti_sysbios_family_arm_m3_TaskSupport_checkStack__E)
                  0000780c    00000004     --HOLE-- [fill = 0]
                  00007810    0000000c                   : BIOS.obj (.text:ti_sysbios_family_arm_m3_TaskSupport_getStackAlignment__E)
                  0000781c    00000004     --HOLE-- [fill = 0]
                  00007820    0000000c                   : BIOS.obj (.text:ti_sysbios_family_arm_msp432_Timer_getMaxTicks__E)
                  0000782c    00000004     --HOLE-- [fill = 0]
                  00007830    0000000c                   : BIOS.obj (.text:ti_sysbios_gates_GateHwi_enter__E)
                  0000783c    0000000c     empty_pem4f.oem4f (.text:ti_sysbios_knl_Clock_Params__init__S)
                  00007848    0000000c     empty_pem4f.oem4f (.text:ti_sysbios_knl_Queue_Object__get__S)
                  00007854    0000000c     empty_pem4f.oem4f (.text:ti_sysbios_knl_Semaphore_Params__init__S)
                  00007860    0000000c     empty_pem4f.oem4f (.text:ti_sysbios_knl_Task_Params__init__S)
                  0000786c    0000000c     ti.targets.arm.rtsarm.aem4f : Error.oem4f (.text:xdc_runtime_Error_init__E)
                  00007878    0000000c                                 : Gate.oem4f (.text:xdc_runtime_Gate_enterSystem__E)
                  00007884    0000000c                                 : Memory.oem4f (.text:xdc_runtime_Memory_calloc__E)
                  00007890    0000000c                                 : Memory.oem4f (.text:xdc_runtime_Memory_getMaxDefaultTypeAlign__E)
                  0000789c    0000000c                                 : Startup.oem4f (.text:xdc_runtime_Startup_rtsDone__E)
                  000078a8    0000000a     tirtosport.aem4f : ClockP_tirtos.oem4f (.text:ClockP_stop)
                  000078b2    0000000a     drivers_MSP432P401R.aem4f : PWM.oem4f (.text:PWM_setDuty)
                  000078bc    0000000a                               : PWM.oem4f (.text:PWM_start)
                  000078c6    0000000a     tirtosport.aem4f : SemaphoreP_tirtos.oem4f (.text:SemaphoreP_post)
                  000078d0    0000000a     empty_pem4f.oem4f (.text:xdc_runtime_IHeap_alloc)
                  000078da    0000000a     empty_pem4f.oem4f (.text:xdc_runtime_IHeap_free)
                  000078e4    00000008     tirtosport.aem4f : ClockP_tirtos.oem4f (.text:ClockP_Params_init)
                  000078ec    00000008     MSP_EXP432P401R.obj (.text:MSP_EXP432P401R_initGPIO)
                  000078f4    00000008     MSP_EXP432P401R.obj (.text:MSP_EXP432P401R_initGeneral)
                  000078fc    00000008     msp432p4xx_driverlib.lib : pcm.o (.text:PCM_setPowerMode)
                  00007904    00000008                              : pcm.o (.text:PCM_setPowerState)
                  0000790c    00000008     drivers_MSP432P401R.aem4f : PWMTimerMSP432.oem4f (.text:PWMTimerMSP432_init)
                  00007914    00000008     tirtosport.aem4f : SemaphoreP_tirtos.oem4f (.text:SemaphoreP_Params_init)
                  0000791c    00000008     msp432p4xx_driverlib.lib : timer_a.o (.text:Timer_A_startCounter)
                  00007924    00000008     drivers_MSP432P401R.aem4f : UARTMSP432.oem4f (.text:readSemCallback)
                  0000792c    00000004     --HOLE-- [fill = 0]
                  00007930    00000008     sysbios.aem4f : BIOS.obj (.text:ti_sysbios_family_arm_m3_Hwi_doSwiRestore__I)
                  00007938    00000008                   : BIOS.obj (.text:ti_sysbios_family_arm_m3_Hwi_startup__E)
                  00007940    00000008     drivers_MSP432P401R.aem4f : UARTMSP432.oem4f (.text:writeSemCallback)
                  00007948    00000006     rtsv7M4_T_le_v4SPD16_eabi.lib : copy_decompress_rle.obj (.text:decompress:rle24)
                  0000794e    00000002     --HOLE-- [fill = 0]
                  00007950    00000006     sysbios.aem4f : BIOS.obj (.text:ti_sysbios_family_arm_m3_Hwi_doTaskRestore__I)
                  00007956    00000002     --HOLE-- [fill = 0]
                  00007958    00000006                   : BIOS.obj (.text:ti_sysbios_family_arm_m3_Hwi_restoreFxn__E)
                  0000795e    00000002     --HOLE-- [fill = 0]
                  00007960    00000006                   : BIOS.obj (.text:ti_sysbios_gates_GateHwi_leave__E)
                  00007966    00000002     --HOLE-- [fill = 0]
                  00007968    00000006                   : BIOS.obj (.text:ti_sysbios_heaps_HeapMem_isBlocking__E)
                  0000796e    00000002     --HOLE-- [fill = 0]
                  00007970    00000006                   : BIOS.obj (.text:ti_sysbios_knl_Clock_stop__E)
                  00007976    00000002     --HOLE-- [fill = 0]
                  00007978    00000006                   : BIOS.obj (.text:ti_sysbios_knl_Queue_Instance_init__E)
                  0000797e    00000002     --HOLE-- [fill = 0]
                  00007980    00000006                   : BIOS.obj (.text:ti_sysbios_knl_Swi_startup__E)
                  00007986    00000006     ti.targets.arm.rtsarm.aem4f : System.oem4f (.text:xdc_runtime_System_Module_startup__E)
                  0000798c    00000004     --HOLE-- [fill = 0]
                  00007990    00000004     sysbios.aem4f : BIOS.obj (.text:ti_sysbios_gates_GateHwi_query__E)
                  00007994    00000004     --HOLE-- [fill = 0]
                  00007998    00000004                   : BIOS.obj (.text:ti_sysbios_gates_GateMutex_query__E)
                  0000799c    00000004     --HOLE-- [fill = 0]
                  000079a0    00000004                   : BIOS.obj (.text:ti_sysbios_knl_Clock_setTimeout__E)
                  000079a4    00000004     --HOLE-- [fill = 0]
                  000079a8    00000004                   : BIOS.obj (.text:ti_sysbios_knl_Task_startup__E)
                  000079ac    00000004     --HOLE-- [fill = 0]
                  000079b0    00000002                   : BIOS.obj (.text:ti_sysbios_BIOS_linkedWithIncorrectBootLibrary__E)
                  000079b2    00000006     --HOLE-- [fill = 0]
                  000079b8    00000002                   : BIOS.obj (.text:ti_sysbios_gates_GateHwi_Instance_init__E)
                  000079ba    00000006     --HOLE-- [fill = 0]
                  000079c0    00000002                   : BIOS.obj (.text:ti_sysbios_knl_Clock_logTick__E)

.const     0    000079c4    00001fa6     
                  000079c4    0000181b     empty_pem4f.oem4f (.const:xdc_runtime_Text_charTab__A)
                  000091df    00000001     empty_pem4f.oem4f (.const:xdc_runtime_Error_policy__C)
                  000091e0    000000b0     empty_pem4f.oem4f (.const:xdc_runtime_Text_nodeTab__A)
                  00009290    00000070     MSP_EXP432P401R.obj (.const:uartMSP432Baudrates)
                  00009300    00000048     empty_pem4f.oem4f (.const:.string)
                  00009348    00000048     MSP_EXP432P401R.obj (.const:uartMSP432HWAttrs)
                  00009390    0000003c     empty_pem4f.oem4f (.const:ti_sysbios_knl_Task_Object__PARAMS__C)
                  000093cc    00000030     empty_pem4f.oem4f (.const:ti_sysbios_family_arm_m3_Hwi_Object__PARAMS__C)
                  000093fc    00000028     drivers_MSP432P401R.aem4f : UARTMSP432.oem4f (.const:UARTMSP432_fxnTable)
                  00009424    00000028                               : PWMTimerMSP432.oem4f (.const)
                  0000944c    00000028     empty_pem4f.oem4f (.const:ti_sysbios_heaps_HeapMem_Module__FXNS__C)
                  00009474    00000024     MSP_EXP432P401R.obj (.const:PWM_config)
                  00009498    00000024     MSP_EXP432P401R.obj (.const:UART_config)
                  000094bc    00000024     drivers_MSP432P401R.aem4f : UARTMSP432.oem4f (.const)
                  000094e0    00000024     empty_pem4f.oem4f (.const:ti_sysbios_gates_GateHwi_Module__FXNS__C)
                  00009504    00000024     empty_pem4f.oem4f (.const:ti_sysbios_gates_GateMutex_Module__FXNS__C)
                  00009528    00000024     empty_pem4f.oem4f (.const:ti_sysbios_heaps_HeapMem_Object__PARAMS__C)
                  0000954c    00000024     empty_pem4f.oem4f (.const:ti_sysbios_knl_Clock_Object__PARAMS__C)
                  00009570    00000024     empty_pem4f.oem4f (.const:ti_sysbios_knl_Semaphore_Object__PARAMS__C)
                  00009594    00000020     empty_pem4f.oem4f (.const:ti_sysbios_family_arm_m3_Hwi_Object__DESC__C)
                  000095b4    00000020     empty_pem4f.oem4f (.const:ti_sysbios_gates_GateHwi_Object__DESC__C)
                  000095d4    00000020     empty_pem4f.oem4f (.const:ti_sysbios_gates_GateMutex_Object__DESC__C)
                  000095f4    00000020     empty_pem4f.oem4f (.const:ti_sysbios_heaps_HeapMem_Object__DESC__C)
                  00009614    00000020     empty_pem4f.oem4f (.const:ti_sysbios_knl_Clock_Object__DESC__C)
                  00009634    00000020     empty_pem4f.oem4f (.const:ti_sysbios_knl_Queue_Object__DESC__C)
                  00009654    00000020     empty_pem4f.oem4f (.const:ti_sysbios_knl_Semaphore_Object__DESC__C)
                  00009674    00000020     empty_pem4f.oem4f (.const:ti_sysbios_knl_Task_Object__DESC__C)
                  00009694    00000020     empty_pem4f.oem4f (.const:xdc_runtime_Startup_sfxnTab__A)
                  000096b4    00000018     drivers_MSP432P401R.aem4f : PWM.oem4f (.const)
                  000096cc    00000018     MSP_EXP432P401R.obj (.const:pwmTimerMSP432HWAttrs)
                  000096e4    00000018     empty_pem4f.oem4f (.const:ti_sysbios_gates_GateHwi_Object__PARAMS__C)
                  000096fc    00000018     empty_pem4f.oem4f (.const:ti_sysbios_gates_GateMutex_Object__PARAMS__C)
                  00009714    00000018     empty_pem4f.oem4f (.const:ti_sysbios_knl_Queue_Object__PARAMS__C)
                  0000972c    00000014     MSP_EXP432P401R.obj (.const:GPIOMSP432_config)
                  00009740    00000010     MSP_EXP432P401R.obj (.const:PowerMSP432_config)
                  00009750    00000010     empty_pem4f.oem4f (.const:xdc_runtime_Startup_sfxnRts__A)
                  00009760    0000000c     drivers_MSP432P401R.aem4f : GPIOMSP432.oem4f (.const:.string)
                  0000976c    0000000c     empty_pem4f.oem4f (.const:xdc_runtime_Startup_firstFxns__A)
                  00009778    00000008     MSP_EXP432P401R.obj (.const:.string:$P$T0$1)
                  00009780    00000008     empty_pem4f.oem4f (.const:ti_sysbios_family_arm_m3_Hwi_excHookFuncs__A)
                  00009788    00000008     empty_pem4f.oem4f (.const:ti_sysbios_knl_Idle_funcList__A)
                  00009790    00000008     empty_pem4f.oem4f (.const:ti_sysbios_knl_Idle_funcList__C)
                  00009798    00000008     empty_pem4f.oem4f (.const:xdc_runtime_Startup_firstFxns__C)
                  000097a0    00000008     empty_pem4f.oem4f (.const:xdc_runtime_Startup_lastFxns__C)
                  000097a8    00000005     drivers_MSP432P401R.aem4f : UARTMSP432.oem4f (.const:.string)
                  000097ad    00000001     --HOLE-- [fill = 0]
                  000097ae    00000002     empty_pem4f.oem4f (.const:ti_sysbios_family_arm_m3_Hwi_Module__id__C)
                  000097b0    00000004     empty_pem4f.oem4f (.const:ti_sysbios_family_arm_m3_Hwi_E_NMI__C)
                  000097b4    00000004     empty_pem4f.oem4f (.const:ti_sysbios_family_arm_m3_Hwi_E_alreadyDefined__C)
                  000097b8    00000004     empty_pem4f.oem4f (.const:ti_sysbios_family_arm_m3_Hwi_E_busFault__C)
                  000097bc    00000004     empty_pem4f.oem4f (.const:ti_sysbios_family_arm_m3_Hwi_E_debugMon__C)
                  000097c0    00000004     empty_pem4f.oem4f (.const:ti_sysbios_family_arm_m3_Hwi_E_hardFault__C)
                  000097c4    00000004     empty_pem4f.oem4f (.const:ti_sysbios_family_arm_m3_Hwi_E_memFault__C)
                  000097c8    00000004     empty_pem4f.oem4f (.const:ti_sysbios_family_arm_m3_Hwi_E_noIsr__C)
                  000097cc    00000004     empty_pem4f.oem4f (.const:ti_sysbios_family_arm_m3_Hwi_E_reserved__C)
                  000097d0    00000004     empty_pem4f.oem4f (.const:ti_sysbios_family_arm_m3_Hwi_E_svCall__C)
                  000097d4    00000004     empty_pem4f.oem4f (.const:ti_sysbios_family_arm_m3_Hwi_E_usageFault__C)
                  000097d8    00000004     empty_pem4f.oem4f (.const:ti_sysbios_family_arm_m3_Hwi_NUM_INTERRUPTS__C)
                  000097dc    00000004     empty_pem4f.oem4f (.const:ti_sysbios_family_arm_m3_Hwi_Object__count__C)
                  000097e0    00000004     empty_pem4f.oem4f (.const:ti_sysbios_family_arm_m3_Hwi_ccr__C)
                  000097e4    00000004     empty_pem4f.oem4f (.const:ti_sysbios_family_arm_m3_Hwi_excHandlerFunc__C)
                  000097e8    00000004     empty_pem4f.oem4f (.const:ti_sysbios_family_arm_m3_Hwi_excHookFuncs__C)
                  000097ec    00000004     empty_pem4f.oem4f (.const:ti_sysbios_family_arm_m3_Hwi_nullIsrFunc__C)
                  000097f0    00000004     empty_pem4f.oem4f (.const:ti_sysbios_family_arm_m3_Hwi_priGroup__C)
                  000097f4    00000004     empty_pem4f.oem4f (.const:ti_sysbios_family_arm_m3_TaskSupport_stackAlignment__C)
                  000097f8    00000004     empty_pem4f.oem4f (.const:ti_sysbios_family_arm_msp432_Timer_numTimerDevices__C)
                  000097fc    00000004     empty_pem4f.oem4f (.const:ti_sysbios_family_arm_msp432_Timer_startupNeeded__C)
                  00009800    00000004     empty_pem4f.oem4f (.const:ti_sysbios_gates_GateMutex_A_badContext__C)
                  00009804    00000004     empty_pem4f.oem4f (.const:ti_sysbios_gates_GateMutex_Instance_State_sem__O)
                  00009808    00000004     empty_pem4f.oem4f (.const:ti_sysbios_gates_GateMutex_Module__diagsEnabled__C)
                  0000980c    00000004     empty_pem4f.oem4f (.const:ti_sysbios_gates_GateMutex_Module__diagsIncluded__C)
                  00009810    00000004     empty_pem4f.oem4f (.const:ti_sysbios_gates_GateMutex_Module__diagsMask__C)
                  00009814    00000004     empty_pem4f.oem4f (.const:ti_sysbios_hal_Hwi_E_stackOverflow__C)
                  00009818    00000004     empty_pem4f.oem4f (.const:ti_sysbios_heaps_HeapMem_A_align__C)
                  0000981c    00000004     empty_pem4f.oem4f (.const:ti_sysbios_heaps_HeapMem_A_heapSize__C)
                  00009820    00000004     empty_pem4f.oem4f (.const:ti_sysbios_heaps_HeapMem_A_invalidFree__C)
                  00009824    00000004     empty_pem4f.oem4f (.const:ti_sysbios_heaps_HeapMem_A_zeroBlock__C)
                  00009828    00000004     empty_pem4f.oem4f (.const:ti_sysbios_heaps_HeapMem_E_memory__C)
                  0000982c    00000004     empty_pem4f.oem4f (.const:ti_sysbios_heaps_HeapMem_Module__diagsEnabled__C)
                  00009830    00000004     empty_pem4f.oem4f (.const:ti_sysbios_heaps_HeapMem_Module__diagsIncluded__C)
                  00009834    00000004     empty_pem4f.oem4f (.const:ti_sysbios_heaps_HeapMem_Module__diagsMask__C)
                  00009838    00000004     empty_pem4f.oem4f (.const:ti_sysbios_heaps_HeapMem_Module__gateObj__C)
                  0000983c    00000004     empty_pem4f.oem4f (.const:ti_sysbios_heaps_HeapMem_Object__count__C)
                  00009840    00000004     empty_pem4f.oem4f (.const:ti_sysbios_heaps_HeapMem_reqAlign__C)
                  00009844    00000004     empty_pem4f.oem4f (.const:ti_sysbios_knl_Clock_A_badThreadType__C)
                  00009848    00000004     empty_pem4f.oem4f (.const:ti_sysbios_knl_Clock_Module_State_clockQ__O)
                  0000984c    00000004     empty_pem4f.oem4f (.const:ti_sysbios_knl_Clock_Module__diagsEnabled__C)
                  00009850    00000004     empty_pem4f.oem4f (.const:ti_sysbios_knl_Clock_Module__diagsIncluded__C)
                  00009854    00000004     empty_pem4f.oem4f (.const:ti_sysbios_knl_Clock_Module__diagsMask__C)
                  00009858    00000004     empty_pem4f.oem4f (.const:ti_sysbios_knl_Semaphore_A_badContext__C)
                  0000985c    00000004     empty_pem4f.oem4f (.const:ti_sysbios_knl_Semaphore_A_noEvents__C)
                  00009860    00000004     empty_pem4f.oem4f (.const:ti_sysbios_knl_Semaphore_A_overflow__C)
                  00009864    00000004     empty_pem4f.oem4f (.const:ti_sysbios_knl_Semaphore_A_pendTaskDisabled__C)
                  00009868    00000004     empty_pem4f.oem4f (.const:ti_sysbios_knl_Semaphore_Instance_State_pendQ__O)
                  0000986c    00000004     empty_pem4f.oem4f (.const:ti_sysbios_knl_Semaphore_Module__diagsEnabled__C)
                  00009870    00000004     empty_pem4f.oem4f (.const:ti_sysbios_knl_Semaphore_Module__diagsIncluded__C)
                  00009874    00000004     empty_pem4f.oem4f (.const:ti_sysbios_knl_Semaphore_Module__diagsMask__C)
                  00009878    00000004     empty_pem4f.oem4f (.const:ti_sysbios_knl_Swi_Object__count__C)
                  0000987c    00000004     empty_pem4f.oem4f (.const:ti_sysbios_knl_Task_A_badPriority__C)
                  00009880    00000004     empty_pem4f.oem4f (.const:ti_sysbios_knl_Task_A_badTaskState__C)
                  00009884    00000004     empty_pem4f.oem4f (.const:ti_sysbios_knl_Task_A_badThreadType__C)
                  00009888    00000004     empty_pem4f.oem4f (.const:ti_sysbios_knl_Task_A_badTimeout__C)
                  0000988c    00000004     empty_pem4f.oem4f (.const:ti_sysbios_knl_Task_A_noPendElem__C)
                  00009890    00000004     empty_pem4f.oem4f (.const:ti_sysbios_knl_Task_A_sleepTaskDisabled__C)
                  00009894    00000004     empty_pem4f.oem4f (.const:ti_sysbios_knl_Task_E_spOutOfBounds__C)
                  00009898    00000004     empty_pem4f.oem4f (.const:ti_sysbios_knl_Task_E_stackOverflow__C)
                  0000989c    00000004     empty_pem4f.oem4f (.const:ti_sysbios_knl_Task_Module_State_inactiveQ__O)
                  000098a0    00000004     empty_pem4f.oem4f (.const:ti_sysbios_knl_Task_Module__diagsEnabled__C)
                  000098a4    00000004     empty_pem4f.oem4f (.const:ti_sysbios_knl_Task_Module__diagsIncluded__C)
                  000098a8    00000004     empty_pem4f.oem4f (.const:ti_sysbios_knl_Task_Module__diagsMask__C)
                  000098ac    00000004     empty_pem4f.oem4f (.const:ti_sysbios_knl_Task_Object__count__C)
                  000098b0    00000004     empty_pem4f.oem4f (.const:ti_sysbios_knl_Task_allBlockedFunc__C)
                  000098b4    00000004     empty_pem4f.oem4f (.const:ti_sysbios_knl_Task_defaultStackHeap__C)
                  000098b8    00000004     empty_pem4f.oem4f (.const:ti_sysbios_knl_Task_defaultStackSize__C)
                  000098bc    00000004     empty_pem4f.oem4f (.const:ti_sysbios_knl_Task_numConstructedTasks__C)
                  000098c0    00000004     empty_pem4f.oem4f (.const:xdc_runtime_Assert_E_assertFailed__C)
                  000098c4    00000004     empty_pem4f.oem4f (.const:xdc_runtime_Core_A_initializedParams__C)
                  000098c8    00000004     empty_pem4f.oem4f (.const:xdc_runtime_Core_Module__diagsEnabled__C)
                  000098cc    00000004     empty_pem4f.oem4f (.const:xdc_runtime_Core_Module__diagsIncluded__C)
                  000098d0    00000004     empty_pem4f.oem4f (.const:xdc_runtime_Core_Module__diagsMask__C)
                  000098d4    00000004     empty_pem4f.oem4f (.const:xdc_runtime_Error_E_memory__C)
                  000098d8    00000004     empty_pem4f.oem4f (.const:xdc_runtime_Error_Module__diagsEnabled__C)
                  000098dc    00000004     empty_pem4f.oem4f (.const:xdc_runtime_Error_Module__diagsIncluded__C)
                  000098e0    00000004     empty_pem4f.oem4f (.const:xdc_runtime_Error_Module__diagsMask__C)
                  000098e4    00000004     empty_pem4f.oem4f (.const:xdc_runtime_Error_Module__loggerFxn8__C)
                  000098e8    00000004     empty_pem4f.oem4f (.const:xdc_runtime_Error_Module__loggerObj__C)
                  000098ec    00000004     empty_pem4f.oem4f (.const:xdc_runtime_Error_policyFxn__C)
                  000098f0    00000004     empty_pem4f.oem4f (.const:xdc_runtime_Error_raiseHook__C)
                  000098f4    00000004     empty_pem4f.oem4f (.const:xdc_runtime_IGateProvider_Interface__BASE__C)
                  000098f8    00000004     empty_pem4f.oem4f (.const:xdc_runtime_IHeap_Interface__BASE__C)
                  000098fc    00000004     empty_pem4f.oem4f (.const:xdc_runtime_IModule_Interface__BASE__C)
                  00009900    00000004     empty_pem4f.oem4f (.const:xdc_runtime_Log_L_error__C)
                  00009904    00000004     empty_pem4f.oem4f (.const:xdc_runtime_Memory_defaultHeapInstance__C)
                  00009908    00000004     empty_pem4f.oem4f (.const:xdc_runtime_Startup_execImpl__C)
                  0000990c    00000004     empty_pem4f.oem4f (.const:xdc_runtime_Startup_maxPasses__C)
                  00009910    00000004     empty_pem4f.oem4f (.const:xdc_runtime_Startup_sfxnRts__C)
                  00009914    00000004     empty_pem4f.oem4f (.const:xdc_runtime_Startup_sfxnTab__C)
                  00009918    00000004     empty_pem4f.oem4f (.const:xdc_runtime_SysMin_bufSize__C)
                  0000991c    00000004     empty_pem4f.oem4f (.const:xdc_runtime_SysMin_outputFunc__C)
                  00009920    00000004     empty_pem4f.oem4f (.const:xdc_runtime_System_Module__gateObj__C)
                  00009924    00000004     empty_pem4f.oem4f (.const:xdc_runtime_System_abortFxn__C)
                  00009928    00000004     empty_pem4f.oem4f (.const:xdc_runtime_System_exitFxn__C)
                  0000992c    00000004     empty_pem4f.oem4f (.const:xdc_runtime_System_extendFxn__C)
                  00009930    00000004     empty_pem4f.oem4f (.const:xdc_runtime_System_maxAtexitHandlers__C)
                  00009934    00000004     empty_pem4f.oem4f (.const:xdc_runtime_Text_charTab__C)
                  00009938    00000004     empty_pem4f.oem4f (.const:xdc_runtime_Text_nameEmpty__C)
                  0000993c    00000004     empty_pem4f.oem4f (.const:xdc_runtime_Text_nameStatic__C)
                  00009940    00000004     empty_pem4f.oem4f (.const:xdc_runtime_Text_nameUnknown__C)
                  00009944    00000004     empty_pem4f.oem4f (.const:xdc_runtime_Text_nodeTab__C)
                  00009948    00000004     empty_pem4f.oem4f (.const:xdc_runtime_Text_visitRopeFxn__C)
                  0000994c    00000002     empty_pem4f.oem4f (.const:ti_sysbios_gates_GateMutex_Module__id__C)
                  0000994e    00000002     empty_pem4f.oem4f (.const:ti_sysbios_hal_Hwi_Module__id__C)
                  00009950    00000002     empty_pem4f.oem4f (.const:ti_sysbios_heaps_HeapMem_Module__id__C)
                  00009952    00000002     empty_pem4f.oem4f (.const:ti_sysbios_knl_Clock_Module__id__C)
                  00009954    00000002     empty_pem4f.oem4f (.const:ti_sysbios_knl_Semaphore_Module__id__C)
                  00009956    00000002     empty_pem4f.oem4f (.const:ti_sysbios_knl_Task_Module__id__C)
                  00009958    00000002     empty_pem4f.oem4f (.const:xdc_runtime_Core_Module__id__C)
                  0000995a    00000002     empty_pem4f.oem4f (.const:xdc_runtime_Error_Module__loggerDefined__C)
                  0000995c    00000002     empty_pem4f.oem4f (.const:xdc_runtime_Error_maxDepth__C)
                  0000995e    00000002     empty_pem4f.oem4f (.const:xdc_runtime_Memory_Module__id__C)
                  00009960    00000002     empty_pem4f.oem4f (.const:xdc_runtime_SysMin_flushAtExit__C)
                  00009962    00000002     empty_pem4f.oem4f (.const:xdc_runtime_Text_charCnt__C)
                  00009964    00000002     empty_pem4f.oem4f (.const:xdc_runtime_Text_isLoaded__C)
                  00009966    00000002     empty_pem4f.oem4f (.const:xdc_runtime_Text_registryModsLastId__C)
                  00009968    00000002     empty_pem4f.oem4f (.const:xdc_runtime_Text_unnamedModsLastId__C)

.cinit     0    00009970    000003fc     
                  00009970    000003ba     (.cinit..data.load) [load image, compression = rle]
                  00009d2a    00000006     --HOLE-- [fill = 0]
                  00009d30    0000000b     (.cinit..bss.load) [load image, compression = rle]
                  00009d3b    00000005     --HOLE-- [fill = 0]
                  00009d40    0000000b     (.cinit..vecs.load) [load image, compression = rle]
                  00009d4b    00000001     --HOLE-- [fill = 0]
                  00009d4c    00000008     (__TI_handler_table)
                  00009d54    00000018     (__TI_cinit_table)

.resetVecs 
*          0    00000000    0000003c     
                  00000000    0000003c     empty_pem4f.oem4f (.resetVecs)

.vecs      0    20000000    00000140     UNINITIALIZED
                  20000000    00000140     empty_pem4f.oem4f (.vecs)

.bss       0    20000140    00000cc0     UNINITIALIZED
                  20000140    00000400     (.common:ti_sysbios_heaps_HeapMem_Instance_State_0_buf__A)
                  20000540    00000200     empty_pem4f.oem4f (.bss:taskStackSection)
                  20000740    00000200     (.common:task0Stack)
                  20000940    00000140     (.common:ti_sysbios_family_arm_m3_Hwi_dispatchTable)
                  20000a80    00000120     rtsv7M4_T_le_v4SPD16_eabi.lib : trgmsg.obj (.bss:_CIOBUF_)
                  20000ba0    00000100     (.common:uartMSP432Objects)
                  20000ca0    00000080     (.common:xdc_runtime_SysMin_Module_State_0_outbuf__A)
                  20000d20    00000050     (.common:task0Struct)
                  20000d70    00000040     (.common:uartMSP432RingBuffer)
                  20000db0    00000030     drivers_MSP432P401R.aem4f : GPIOMSP432.oem4f (.bss:gpioCallbackInfo)
                  20000de0    00000018     (.common:pwmTimerMSP432Objects)
                  20000df8    00000008     rtsv7M4_T_le_v4SPD16_eabi.lib : trgdrv.obj (.bss:parmbuf)

.data      0    20000e00    000005a5     UNINITIALIZED
                  20000e00    0000009c     drivers_MSP432P401R.aem4f : PowerMSP432.oem4f (.data:PowerMSP432_perfLevels)
                  20000e9c    00000080                               : PWMTimerMSP432.oem4f (.data:pwmTimerStatus)
                  20000f1c    00000080     empty_pem4f.oem4f (.data:ti_sysbios_knl_Swi_Module_State_0_readyQ__A)
                  20000f9c    00000080     empty_pem4f.oem4f (.data:ti_sysbios_knl_Task_Module_State_0_readyQ__A)
                  2000101c    0000004c     empty_pem4f.oem4f (.data:ti_sysbios_family_arm_msp432_Timer_Object__table__V)
                  20001068    0000004c     empty_pem4f.oem4f (.data:ti_sysbios_knl_Task_Object__table__V)
                  200010b4    00000044     empty_pem4f.oem4f (.data:ti_sysbios_knl_Task_Module__state__V)
                  200010f8    00000038     empty_pem4f.oem4f (.data:ti_sysbios_gates_GateMutex_Object__table__V)
                  20001130    00000034     empty_pem4f.oem4f (.data:ti_sysbios_family_arm_m3_Hwi_Module__state__V)
                  20001164    00000030     msp432p4xx_driverlib.lib : gpio.o (.data:GPIO_PORT_TO_BASE)
                  20001194    00000030     empty_pem4f.oem4f (.data:ti_sysbios_knl_Swi_Object__table__V)
                  200011c4    0000002c     empty_pem4f.oem4f (.data:ti_sysbios_knl_Clock_Module__state__V)
                  200011f0    00000028     drivers_MSP432P401R.aem4f : PowerMSP432.oem4f (.data:PowerMSP432_module)
                  20001218    00000024     MSP_EXP432P401R.obj (.data:gpioPinConfigs)
                  2000123c    00000024     empty_pem4f.oem4f (.data:ti_sysbios_BIOS_Module__state__V)
                  20001260    00000020     empty_pem4f.oem4f (.data:ti_sysbios_family_arm_msp432_Timer_Module_State_0_device__A)
                  20001280    0000001c     empty_pem4f.oem4f (.data:ti_sysbios_knl_Swi_Module__state__V)
                  2000129c    00000018     empty_pem4f.oem4f (.data:ti_sysbios_family_arm_m3_Hwi_Object__table__V)
                  200012b4    00000018     empty_pem4f.oem4f (.data:ti_sysbios_heaps_HeapMem_Object__table__V)
                  200012cc    00000010     empty_pem4f.oem4f (.data:ti_sysbios_family_arm_msp432_Timer_Module_State_0_handles__A)
                  200012dc    0000000c     rtsv7M4_T_le_v4SPD16_eabi.lib : exit.obj (.data:$O1$$)
                  200012e8    0000000c     empty_pem4f.oem4f (.data:ti_sysbios_family_arm_msp432_ClockFreqs_Module__state__V)
                  200012f4    0000000c     empty_pem4f.oem4f (.data:ti_sysbios_family_arm_msp432_Timer_Module__state__V)
                  20001300    0000000c     empty_pem4f.oem4f (.data:xdc_runtime_SysMin_Module__state__V)
                  2000130c    00000008     rtsv7M4_T_le_v4SPD16_eabi.lib : _lock.obj (.data:$O1$$)
                  20001314    00000008     MSP_EXP432P401R.obj (.data:gpioCallbackFunctions)
                  2000131c    00000008     empty_pem4f.oem4f (.data:ti_sysbios_family_arm_m3_Hwi_Module__root__V)
                  20001324    00000008     empty_pem4f.oem4f (.data:ti_sysbios_gates_GateHwi_Module__root__V)
                  2000132c    00000008     empty_pem4f.oem4f (.data:ti_sysbios_gates_GateMutex_Module__root__V)
                  20001334    00000008     empty_pem4f.oem4f (.data:ti_sysbios_heaps_HeapMem_Module__root__V)
                  2000133c    00000008     empty_pem4f.oem4f (.data:ti_sysbios_knl_Clock_Module__root__V)
                  20001344    00000008     empty_pem4f.oem4f (.data:ti_sysbios_knl_Queue_Module__root__V)
                  2000134c    00000008     empty_pem4f.oem4f (.data:ti_sysbios_knl_Semaphore_Module__root__V)
                  20001354    00000008     empty_pem4f.oem4f (.data:ti_sysbios_knl_Task_Module__root__V)
                  2000135c    00000008     empty_pem4f.oem4f (.data:xdc_runtime_Registry_Module__state__V)
                  20001364    00000008     empty_pem4f.oem4f (.data:xdc_runtime_Startup_Module__state__V)
                  2000136c    00000008     empty_pem4f.oem4f (.data:xdc_runtime_System_Module_State_0_atexitHandlers__A)
                  20001374    00000008     empty_pem4f.oem4f (.data:xdc_runtime_System_Module__state__V)
                  2000137c    00000004     drivers_MSP432P401R.aem4f : PWM.oem4f (.data)
                  20001380    00000004                               : UART.oem4f (.data)
                  20001384    00000004     empty.obj (.data)
                  20001388    00000004     rtsv7M4_T_le_v4SPD16_eabi.lib : stkdepth_vars.obj (.data)
                  2000138c    00000004     empty_pem4f.oem4f (.data:ti_sysbios_family_arm_m3_Hwi_Module_State_0_excContext__A)
                  20001390    00000004     empty_pem4f.oem4f (.data:ti_sysbios_family_arm_m3_Hwi_Module_State_0_excStack__A)
                  20001394    00000004     empty_pem4f.oem4f (.data:ti_sysbios_gates_GateHwi_Object__table__V)
                  20001398    00000004     empty_pem4f.oem4f (.data:ti_sysbios_knl_Task_Module_State_0_idleTask__A)
                  2000139c    00000004     empty_pem4f.oem4f (.data:xdc_runtime_Memory_Module__state__V)
                  200013a0    00000002     empty_pem4f.oem4f (.data:ti_sysbios_family_arm_m3_Hwi_Module_State_0_excActive__A)
                  200013a2    00000002     empty_pem4f.oem4f (.data:xdc_runtime_Error_Module__state__V)
                  200013a4    00000001     drivers_MSP432P401R.aem4f : GPIOMSP432.oem4f (.data)

.stack     0    2000fd00    00000300     UNINITIALIZED
                  2000fd00    00000300     --HOLE--

.bootVecs 
*          0    00000000    00000008     DSECT
                  00000000    00000008     boot.aem4f : boot.oem4f (.bootVecs)

xdc.meta   0    00000000    000000e5     COPY SECTION
                  00000000    000000e5     empty_pem4f.oem4f (xdc.meta)

.binit     0    00000000    00000000     

MODULE SUMMARY

       Module                     code    ro data   rw data
       ------                     ----    -------   -------
    .\
       empty.obj                  418     0         596    
       MSP_EXP432P401R.obj        108     324       388    
    +--+--------------------------+-------+---------+---------+
       Total:                     526     324       984    
                                                           
    C:\Users\jalex\workspace_v6_2\Encoder RTOS\Debug\configPkg\package\cfg\
       empty_pem4f.oem4f          1796    7680      3296   
    +--+--------------------------+-------+---------+---------+
       Total:                     1796    7680      3296   
                                                           
    C:/ti/tirex-content/tirtos_msp43x_2_20_00_06/products/msp432_driverlib_3_21_00_05/driverlib/MSP432P4xx/ccs/msp432p4xx_driverlib.lib
       pcm.o                      1214    0         0      
       gpio.o                     480     0         48     
       uart.o                     328     0         0      
       timer_a.o                  284     0         0      
       cs.o                       260     0         0      
       flash.o                    156     0         0      
       rtc_c.o                    72      0         0      
       wdt_a.o                    44      0         0      
       cpu.o                      28      0         0      
    +--+--------------------------+-------+---------+---------+
       Total:                     2866    0         48     
                                                           
    C:/ti/tirex-content/tirtos_msp43x_2_20_00_06/products/tidrivers_msp43x_2_20_00_08/packages/ti/drivers/lib/drivers_MSP432P401R.aem4f
       UARTMSP432.oem4f           2630    81        0      
       PowerMSP432.oem4f          1212    0         196    
       PWMTimerMSP432.oem4f       1088    40        128    
       GPIOMSP432.oem4f           700     12        49     
       RingBuf.oem4f              184     0         0      
       PWM.oem4f                  144     24        4      
       List.oem4f                 72      0         0      
       UART.oem4f                 56      0         4      
    +--+--------------------------+-------+---------+---------+
       Total:                     6086    157       381    
                                                           
    C:/ti/tirex-content/tirtos_msp43x_2_20_00_06/products/tidrivers_msp43x_2_20_00_08/packages/ti/drivers/lib/power_tirtos_MSP432P401R.aem4f
       PowerMSP432_tirtos.oem4f   106     0         0      
    +--+--------------------------+-------+---------+---------+
       Total:                     106     0         0      
                                                           
    C:/ti/tirex-content/tirtos_msp43x_2_20_00_06/products/tidrivers_msp43x_2_20_00_08/packages/ti/drivers/ports/lib/tirtosport.aem4f
       ClockP_tirtos.oem4f        148     0         0      
       SemaphoreP_tirtos.oem4f    146     0         0      
       HwiP_tirtos.oem4f          138     0         0      
    +--+--------------------------+-------+---------+---------+
       Total:                     432     0         0      
                                                           
    C:\Users\jalex\workspace_v6_2\Encoder RTOS\src\sysbios\sysbios.aem4f
       BIOS.obj                   12088   0         0      
       m3_Hwi_asm.obj             306     0         0      
       m3_TaskSupport_asm.obj     180     0         0      
       m3_Hwi_asm_switch.obj      118     0         0      
    +--+--------------------------+-------+---------+---------+
       Total:                     12692   0         0      
                                                           
    C:\ti\ccsv6\tools\compiler\ti-cgt-arm_15.12.4.LTS\lib\rtsv7M4_T_le_v4SPD16_eabi.lib
       trgdrv.obj                 804     0         8      
       ull_div_t2.obj             500     0         0      
       trgmsg.obj                 104     0         288    
[...]
00007879  xdc_runtime_Gate_enterSystem__E                             
00007885  xdc_runtime_Memory_calloc__E                                
00007891  xdc_runtime_Memory_getMaxDefaultTypeAlign__E                
0000789d  xdc_runtime_Startup_rtsDone__E                              
000078a9  ClockP_stop                                                 
000078a9  ClockP_stopFromISR                                          
000078b3  PWM_setDuty                                                 
000078bd  PWM_start                                                   
000078c7  SemaphoreP_post                                             
000078c7  SemaphoreP_postFromClock                                    
000078c7  SemaphoreP_postFromISR                                      
000078d1  xdc_runtime_Memory_HeapProxy_alloc__E                       
000078db  xdc_runtime_Memory_HeapProxy_free__E                        
000078e5  ClockP_Params_init                                          
000078ed  MSP_EXP432P401R_initGPIO                                    
000078f5  MSP_EXP432P401R_initGeneral                                 
000078fd  PCM_setPowerMode                                            
00007905  PCM_setPowerState                                           
0000790d  PWMTimerMSP432_init                                         
00007915  SemaphoreP_Params_init                                      
0000791d  Timer_A_startCounter                                        
00007931  ti_sysbios_family_arm_m3_Hwi_doSwiRestore__I                
00007939  ti_sysbios_family_arm_m3_Hwi_startup__E                     
00007939  ti_sysbios_hal_Hwi_HwiProxy_startup__E                      
00007949  __TI_decompress_rle24                                       
00007951  ti_sysbios_family_arm_m3_Hwi_doTaskRestore__I               
00007959  HwiP_restore                                                
00007959  ti_sysbios_family_arm_m3_Hwi_restoreFxn__E                  
00007959  ti_sysbios_hal_Hwi_HwiProxy_restore__E                      
00007961  ti_sysbios_gates_GateHwi_leave__E                           
00007969  ti_sysbios_heaps_HeapMem_isBlocking__E                      
00007971  ti_sysbios_knl_Clock_stop__E                                
00007979  ti_sysbios_knl_Queue_Instance_init__E                       
00007981  ti_sysbios_knl_Swi_startup__E                               
00007987  xdc_runtime_System_Module_startup__E                        
00007991  ti_sysbios_gates_GateHwi_query__E                           
00007991  xdc_runtime_Main_Module_GateProxy_query__E                  
00007991  xdc_runtime_System_Module_GateProxy_query__E                
00007999  ti_sysbios_BIOS_RtsGateProxy_query__E                       
00007999  ti_sysbios_gates_GateMutex_query__E                         
00007999  ti_sysbios_heaps_HeapMem_Module_GateProxy_query__E          
000079a1  ti_sysbios_knl_Clock_setTimeout__E                          
000079a9  ti_sysbios_knl_Task_startup__E                              
000079b1  ti_sysbios_BIOS_linkedWithIncorrectBootLibrary__E           
000079b9  ti_sysbios_gates_GateHwi_Instance_init__E                   
000079c1  ti_sysbios_knl_Clock_logTick__E                             
000079c4  xdc_runtime_Text_charTab__A                                 
000091df  xdc_runtime_Error_policy__C                                 
000091e0  xdc_runtime_Text_nodeTab__A                                 
00009290  uartMSP432Baudrates                                         
00009348  uartMSP432HWAttrs                                           
00009390  ti_sysbios_knl_Task_Object__PARAMS__C                       
000093cc  ti_sysbios_family_arm_m3_Hwi_Object__PARAMS__C              
000093fc  UARTMSP432_fxnTable                                         
00009424  PWMTimerMSP432_fxnTable                                     
0000944c  ti_sysbios_heaps_HeapMem_Module__FXNS__C                    
00009474  PWM_config                                                  
00009498  UART_config                                                 
000094e0  ti_sysbios_gates_GateHwi_Module__FXNS__C                    
00009504  ti_sysbios_gates_GateMutex_Module__FXNS__C                  
00009528  ti_sysbios_heaps_HeapMem_Object__PARAMS__C                  
0000954c  ti_sysbios_knl_Clock_Object__PARAMS__C                      
00009570  ti_sysbios_knl_Semaphore_Object__PARAMS__C                  
00009594  ti_sysbios_family_arm_m3_Hwi_Object__DESC__C                
000095b4  ti_sysbios_gates_GateHwi_Object__DESC__C                    
000095d4  ti_sysbios_gates_GateMutex_Object__DESC__C                  
000095f4  ti_sysbios_heaps_HeapMem_Object__DESC__C                    
00009614  ti_sysbios_knl_Clock_Object__DESC__C                        
00009634  ti_sysbios_knl_Queue_Object__DESC__C                        
00009654  ti_sysbios_knl_Semaphore_Object__DESC__C                    
00009674  ti_sysbios_knl_Task_Object__DESC__C                         
00009694  xdc_runtime_Startup_sfxnTab__A                              
000096b4  PWM_defaultParams                                           
000096cc  pwmTimerMSP432HWAttrs                                       
000096e4  ti_sysbios_gates_GateHwi_Object__PARAMS__C                  
000096fc  ti_sysbios_gates_GateMutex_Object__PARAMS__C                
00009714  ti_sysbios_knl_Queue_Object__PARAMS__C                      
0000972c  GPIOMSP432_config                                           
00009740  PowerMSP432_config                                          
00009750  xdc_runtime_Startup_sfxnRts__A                              
0000976c  xdc_runtime_Startup_firstFxns__A                            
00009780  ti_sysbios_family_arm_m3_Hwi_excHookFuncs__A                
00009788  ti_sysbios_knl_Idle_funcList__A                             
00009790  ti_sysbios_knl_Idle_funcList__C                             
00009798  xdc_runtime_Startup_firstFxns__C                            
000097a0  xdc_runtime_Startup_lastFxns__C                             
000097ae  ti_sysbios_family_arm_m3_Hwi_Module__id__C                  
000097b0  ti_sysbios_family_arm_m3_Hwi_E_NMI__C                       
000097b4  ti_sysbios_family_arm_m3_Hwi_E_alreadyDefined__C            
000097b8  ti_sysbios_family_arm_m3_Hwi_E_busFault__C                  
000097bc  ti_sysbios_family_arm_m3_Hwi_E_debugMon__C                  
000097c0  ti_sysbios_family_arm_m3_Hwi_E_hardFault__C                 
000097c4  ti_sysbios_family_arm_m3_Hwi_E_memFault__C                  
000097c8  ti_sysbios_family_arm_m3_Hwi_E_noIsr__C                     
000097cc  ti_sysbios_family_arm_m3_Hwi_E_reserved__C                  
000097d0  ti_sysbios_family_arm_m3_Hwi_E_svCall__C                    
000097d4  ti_sysbios_family_arm_m3_Hwi_E_usageFault__C                
000097d8  ti_sysbios_family_arm_m3_Hwi_NUM_INTERRUPTS__C              
000097dc  ti_sysbios_family_arm_m3_Hwi_Object__count__C               
000097e0  ti_sysbios_family_arm_m3_Hwi_ccr__C                         
000097e4  ti_sysbios_family_arm_m3_Hwi_excHandlerFunc__C              
000097e8  ti_sysbios_family_arm_m3_Hwi_excHookFuncs__C                
000097ec  ti_sysbios_family_arm_m3_Hwi_nullIsrFunc__C                 
000097f0  ti_sysbios_family_arm_m3_Hwi_priGroup__C                    
000097f4  ti_sysbios_family_arm_m3_TaskSupport_stackAlignment__C      
000097f8  ti_sysbios_family_arm_msp432_Timer_numTimerDevices__C       
000097fc  ti_sysbios_family_arm_msp432_Timer_startupNeeded__C         
00009800  ti_sysbios_gates_GateMutex_A_badContext__C                  
00009804  ti_sysbios_gates_GateMutex_Instance_State_sem__O            
00009808  ti_sysbios_gates_GateMutex_Module__diagsEnabled__C          
0000980c  ti_sysbios_gates_GateMutex_Module__diagsIncluded__C         
00009810  ti_sysbios_gates_GateMutex_Module__diagsMask__C             
00009814  ti_sysbios_hal_Hwi_E_stackOverflow__C                       
00009818  ti_sysbios_heaps_HeapMem_A_align__C                         
0000981c  ti_sysbios_heaps_HeapMem_A_heapSize__C                      
00009820  ti_sysbios_heaps_HeapMem_A_invalidFree__C                   
00009824  ti_sysbios_heaps_HeapMem_A_zeroBlock__C                     
00009828  ti_sysbios_heaps_HeapMem_E_memory__C                        
0000982c  ti_sysbios_heaps_HeapMem_Module__diagsEnabled__C            
00009830  ti_sysbios_heaps_HeapMem_Module__diagsIncluded__C           
00009834  ti_sysbios_heaps_HeapMem_Module__diagsMask__C               
00009838  ti_sysbios_heaps_HeapMem_Module__gateObj__C                 
0000983c  ti_sysbios_heaps_HeapMem_Object__count__C                   
00009840  ti_sysbios_heaps_HeapMem_reqAlign__C                        
00009844  ti_sysbios_knl_Clock_A_badThreadType__C                     
00009848  ti_sysbios_knl_Clock_Module_State_clockQ__O                 
0000984c  ti_sysbios_knl_Clock_Module__diagsEnabled__C                
00009850  ti_sysbios_knl_Clock_Module__diagsIncluded__C               
00009854  ti_sysbios_knl_Clock_Module__diagsMask__C                   
00009858  ti_sysbios_knl_Semaphore_A_badContext__C                    
0000985c  ti_sysbios_knl_Semaphore_A_noEvents__C                      
00009860  ti_sysbios_knl_Semaphore_A_overflow__C                      
00009864  ti_sysbios_knl_Semaphore_A_pendTaskDisabled__C              
00009868  ti_sysbios_knl_Semaphore_Instance_State_pendQ__O            
0000986c  ti_sysbios_knl_Semaphore_Module__diagsEnabled__C            
00009870  ti_sysbios_knl_Semaphore_Module__diagsIncluded__C           
00009874  ti_sysbios_knl_Semaphore_Module__diagsMask__C               
00009878  ti_sysbios_knl_Swi_Object__count__C                         
0000987c  ti_sysbios_knl_Task_A_badPriority__C                        
00009880  ti_sysbios_knl_Task_A_badTaskState__C                       
00009884  ti_sysbios_knl_Task_A_badThreadType__C                      
00009888  ti_sysbios_knl_Task_A_badTimeout__C                         
0000988c  ti_sysbios_knl_Task_A_noPendElem__C                         
00009890  ti_sysbios_knl_Task_A_sleepTaskDisabled__C                  
00009894  ti_sysbios_knl_Task_E_spOutOfBounds__C                      
00009898  ti_sysbios_knl_Task_E_stackOverflow__C                      
0000989c  ti_sysbios_knl_Task_Module_State_inactiveQ__O               
000098a0  ti_sysbios_knl_Task_Module__diagsEnabled__C                 
000098a4  ti_sysbios_knl_Task_Module__diagsIncluded__C                
000098a8  ti_sysbios_knl_Task_Module__diagsMask__C                    
000098ac  ti_sysbios_knl_Task_Object__count__C                        
000098b0  ti_sysbios_knl_Task_allBlockedFunc__C                       
000098b4  ti_sysbios_knl_Task_defaultStackHeap__C                     
000098b8  ti_sysbios_knl_Task_defaultStackSize__C                     
000098bc  ti_sysbios_knl_Task_numConstructedTasks__C                  
000098c0  xdc_runtime_Assert_E_assertFailed__C                        
000098c4  xdc_runtime_Core_A_initializedParams__C                     
000098c8  xdc_runtime_Core_Module__diagsEnabled__C                    
000098cc  xdc_runtime_Core_Module__diagsIncluded__C                   
000098d0  xdc_runtime_Core_Module__diagsMask__C                       
000098d4  xdc_runtime_Error_E_memory__C                               
000098d8  xdc_runtime_Error_Module__diagsEnabled__C                   
000098dc  xdc_runtime_Error_Module__diagsIncluded__C                  
000098e0  xdc_runtime_Error_Module__diagsMask__C                      
000098e4  xdc_runtime_Error_Module__loggerFxn8__C                     
000098e8  xdc_runtime_Error_Module__loggerObj__C                      
000098ec  xdc_runtime_Error_policyFxn__C                              
000098f0  xdc_runtime_Error_raiseHook__C                              
000098f4  xdc_runtime_IGateProvider_Interface__BASE__C                
000098f8  xdc_runtime_IHeap_Interface__BASE__C                        
000098fc  xdc_runtime_IModule_Interface__BASE__C                      
00009900  xdc_runtime_Log_L_error__C                                  
00009904  xdc_runtime_Memory_defaultHeapInstance__C                   
00009908  xdc_runtime_Startup_execImpl__C                             
0000990c  xdc_runtime_Startup_maxPasses__C                            
00009910  xdc_runtime_Startup_sfxnRts__C                              
00009914  xdc_runtime_Startup_sfxnTab__C                              
00009918  xdc_runtime_SysMin_bufSize__C                               
0000991c  xdc_runtime_SysMin_outputFunc__C                            
00009920  xdc_runtime_System_Module__gateObj__C                       
00009924  xdc_runtime_System_abortFxn__C                              
00009928  xdc_runtime_System_exitFxn__C                               
0000992c  xdc_runtime_System_extendFxn__C                             
00009930  xdc_runtime_System_maxAtexitHandlers__C                     
00009934  xdc_runtime_Text_charTab__C                                 
00009938  xdc_runtime_Text_nameEmpty__C                               
0000993c  xdc_runtime_Text_nameStatic__C                              
00009940  xdc_runtime_Text_nameUnknown__C                             
00009944  xdc_runtime_Text_nodeTab__C                                 
00009948  xdc_runtime_Text_visitRopeFxn__C                            
0000994c  ti_sysbios_gates_GateMutex_Module__id__C                    
0000994e  ti_sysbios_hal_Hwi_Module__id__C                            
00009950  ti_sysbios_heaps_HeapMem_Module__id__C                      
00009952  ti_sysbios_knl_Clock_Module__id__C                          
00009954  ti_sysbios_knl_Semaphore_Module__id__C                      
00009956  ti_sysbios_knl_Task_Module__id__C                           
00009958  xdc_runtime_Core_Module__id__C                              
0000995a  xdc_runtime_Error_Module__loggerDefined__C                  
0000995c  xdc_runtime_Error_maxDepth__C                               
0000995e  xdc_runtime_Memory_Module__id__C                            
00009960  xdc_runtime_SysMin_flushAtExit__C                           
00009962  xdc_runtime_Text_charCnt__C                                 
00009964  xdc_runtime_Text_isLoaded__C                                
00009966  xdc_runtime_Text_registryModsLastId__C                      
00009968  xdc_runtime_Text_unnamedModsLastId__C                       
00009970  __TI_static_base__                                          
00009d4c  __TI_Handler_Table_Base                                     
00009d54  __TI_CINIT_Base                                             
00009d54  __TI_Handler_Table_Limit                                    
00009d6c  __TI_CINIT_Limit                                            
20000000  ti_sysbios_family_arm_m3_Hwi_ramVectors                     
20000140  ti_sysbios_heaps_HeapMem_Instance_State_0_buf__A            
20000540  ti_sysbios_knl_Task_Instance_State_0_stack__A               
20000740  task0Stack                                                  
20000940  ti_sysbios_family_arm_m3_Hwi_dispatchTable                  
20000a80  __CIOBUF_                                                   
20000ba0  uartMSP432Objects                                           
20000ca0  xdc_runtime_SysMin_Module_State_0_outbuf__A                 
20000d20  task0Struct                                                 
20000d70  uartMSP432RingBuffer                                        
20000de0  pwmTimerMSP432Objects                                       
20000e00  PowerMSP432_perfLevels                                      
20000f1c  ti_sysbios_knl_Swi_Module_State_0_readyQ__A                 
20000f9c  ti_sysbios_knl_Task_Module_State_0_readyQ__A                
2000101c  ti_sysbios_family_arm_msp432_Timer_Object__table__V         
20001068  ti_sysbios_knl_Task_Object__table__V                        
200010b4  ti_sysbios_knl_Task_Module__state__V                        
200010f8  ti_sysbios_gates_GateMutex_Object__table__V                 
20001130  ti_sysbios_family_arm_m3_Hwi_Module__state__V               
20001194  ti_sysbios_knl_Swi_Object__table__V                         
200011c4  ti_sysbios_knl_Clock_Module__state__V                       
200011f0  PowerMSP432_module                                          
20001218  gpioPinConfigs                                              
2000123c  ti_sysbios_BIOS_Module__state__V                            
20001260  ti_sysbios_family_arm_msp432_Timer_Module_State_0_device__A 
20001280  ti_sysbios_knl_Swi_Module__state__V                         
2000129c  ti_sysbios_family_arm_m3_Hwi_Object__table__V               
200012b4  ti_sysbios_heaps_HeapMem_Object__table__V                   
200012cc  ti_sysbios_family_arm_msp432_Timer_Module_State_0_handles__A
200012dc  __TI_cleanup_ptr                                            
200012e0  __TI_dtors_ptr                                              
200012e4  __TI_enable_exit_profile_output                             
200012e8  ti_sysbios_family_arm_msp432_ClockFreqs_Module__state__V    
200012f4  ti_sysbios_family_arm_msp432_Timer_Module__state__V         
20001300  xdc_runtime_SysMin_Module__state__V                         
2000130c  _lock                                                       
20001310  _unlock                                                     
20001314  gpioCallbackFunctions                                       
2000131c  ti_sysbios_family_arm_m3_Hwi_Module__root__V                
20001324  ti_sysbios_gates_GateHwi_Module__root__V                    
2000132c  ti_sysbios_gates_GateMutex_Module__root__V                  
20001334  ti_sysbios_heaps_HeapMem_Module__root__V                    
2000133c  ti_sysbios_knl_Clock_Module__root__V                        
20001344  ti_sysbios_knl_Queue_Module__root__V                        
2000134c  ti_sysbios_knl_Semaphore_Module__root__V                    
20001354  ti_sysbios_knl_Task_Module__root__V                         
2000135c  xdc_runtime_Registry_Module__state__V                       
20001364  xdc_runtime_Startup_Module__state__V                        
2000136c  xdc_runtime_System_Module_State_0_atexitHandlers__A         
20001374  xdc_runtime_System_Module__state__V                         
20001384  count                                                       
20001388  main_func_sp                                                
2000138c  ti_sysbios_family_arm_m3_Hwi_Module_State_0_excContext__A   
20001390  ti_sysbios_family_arm_m3_Hwi_Module_State_0_excStack__A     
20001394  ti_sysbios_gates_GateHwi_Object__table__V                   
20001398  ti_sysbios_knl_Task_Module_State_0_idleTask__A              
2000139c  xdc_runtime_Memory_Module__state__V                         
200013a0  ti_sysbios_family_arm_m3_Hwi_Module_State_0_excActive__A    
200013a2  xdc_runtime_Error_Module__state__V                          
2000fd00  __stack                                                     
20010000  __STACK_END                                                 
4000480c  WDTCTL_SYM                                                  
e000e000  ti_sysbios_family_arm_m3_Hwi_nvic                           
ffffffff  __TI_pprof_out_hndl                                         
ffffffff  __TI_prof_data_size                                         
ffffffff  __TI_prof_data_start                                        
ffffffff  __binit__                                                   
ffffffff  __c_args__                                                  
ffffffff  binit                                                       
UNDEFED   SHT$$INIT_ARRAY$$Base                                       
UNDEFED   SHT$$INIT_ARRAY$$Limit                                      

[691 symbols]
